\BOOKMARK [0][-]{chapter.1}{\376\377\000C\000h\000a\000p\000t\000e\000r\000\040\0001\000\040\000O\000r\000d\000i\000n\000a\000r\000y\000\040\000D\000i\000f\000f\000e\000r\000e\000n\000t\000i\000a\000l\000\040\000E\000q\000u\000a\000t\000i\000o\000n\000\040\000\050\136\070\137\256\122\006\145\271\172\013\000\051\000,\000\040\000D\000y\000n\000a\000m\000i\000c\000a\000l\000\040\000S\000y\000s\000t\000e\000m\000\040\000\050\122\325\141\113\174\373\175\161\000\040\000o\000r\000\040\122\325\122\233\174\373\175\161\000\051\000,\000\040\000a\000n\000d\000\040\000C\000o\000n\000t\000r\000o\000l\000\040\000T\000h\000e\000o\000r\000y\000\040\000\050\143\247\122\066\164\006\212\326\000\051}{}% 1
\BOOKMARK [1][-]{section.1.1}{\376\377\0001\000\040\000O\000r\000d\000i\000n\000a\000r\000y\000\040\000D\000i\000f\000f\000e\000r\000e\000n\000t\000i\000a\000l\000\040\000E\000q\000u\000a\000t\000i\000o\000n}{chapter.1}% 2
\BOOKMARK [2][-]{subsection.1.1.1}{\376\377\000I\000\040\000D\000e\000f\000i\000n\000i\000t\000i\000o\000n}{section.1.1}% 3
\BOOKMARK [3][-]{subsubsection.1.1.1.1}{\376\377\000i\000\040\000O\000r\000d\000i\000n\000a\000r\000y\000\040\000D\000i\000f\000f\000e\000r\000e\000n\000t\000i\000a\000l\000\040\000E\000q\000u\000a\000t\000i\000o\000n\000\040\000\050\000O\000D\000E\000\051\000\040\000a\000n\000d\000\040\000S\000y\000s\000t\000e\000m\000\040\000o\000f\000\040\000O\000D\000E\000s\000\040\000\050\136\070\137\256\122\006\145\271\172\013\175\104\000\051}{subsection.1.1.1}% 4
\BOOKMARK [3][-]{subsubsection.1.1.1.2}{\376\377\000i\000i\000\040\000I\000n\000i\000t\000i\000a\000l\000-\000v\000a\000l\000u\000e\000\040\000p\000r\000o\000b\000l\000e\000m\000\040\000\050\000I\000V\000P\000\051\000\040\000\050\122\035\120\074\125\117\230\114\000\051}{subsection.1.1.1}% 5
\BOOKMARK [3][-]{subsubsection.1.1.1.3}{\376\377\000i\000i\000i\000\040\000B\000o\000u\000n\000d\000a\000r\000y\000-\000v\000a\000l\000u\000e\000\040\000p\000r\000o\000b\000l\000e\000m\000\040\000\050\000B\000V\000P\000\051\000\040\000\050\220\212\120\074\125\117\230\114\000\051}{subsection.1.1.1}% 6
\BOOKMARK [2][-]{subsection.1.1.2}{\376\377\000I\000I\000\040\000S\000o\000l\000u\000t\000i\000o\000n\000s\000\040\000o\000f\000\040\000O\000D\000E\000s}{section.1.1}% 7
\BOOKMARK [3][-]{subsubsection.1.1.2.1}{\376\377\000i\000\040\000S\000o\000l\000u\000t\000i\000o\000n\000\040\000o\000r\000\040\000f\000l\000o\000w\000\040\000o\000f\000\040\000a\000n\000\040\000O\000D\000E}{subsection.1.1.2}% 8
\BOOKMARK [3][-]{subsubsection.1.1.2.2}{\376\377\000i\000i\000\040\000S\000o\000l\000u\000t\000i\000o\000n\000\040\000c\000u\000r\000v\000e\000\040\000o\000r\000\040\000t\000r\000a\000j\000e\000c\000t\000o\000r\000y}{subsection.1.1.2}% 9
\BOOKMARK [3][-]{subsubsection.1.1.2.3}{\376\377\000i\000i\000i\000\040\000E\000x\000p\000l\000i\000c\000i\000t\000\040\000s\000o\000l\000u\000t\000i\000o\000n}{subsection.1.1.2}% 10
\BOOKMARK [3][-]{subsubsection.1.1.2.4}{\376\377\000i\000v\000\040\000I\000m\000p\000l\000i\000c\000i\000t\000\040\000s\000o\000l\000u\000t\000i\000o\000n}{subsection.1.1.2}% 11
\BOOKMARK [3][-]{subsubsection.1.1.2.5}{\376\377\000v\000\040\000P\000a\000r\000a\000m\000e\000t\000r\000i\000c\000\040\000f\000a\000m\000i\000l\000y\000\040\000o\000r\000\040\000p\000a\000r\000a\000m\000e\000t\000e\000r\000i\000z\000e\000d\000\040\000f\000a\000m\000i\000l\000y}{subsection.1.1.2}% 12
\BOOKMARK [3][-]{subsubsection.1.1.2.6}{\376\377\000v\000i\000\040\000D\000e\000g\000r\000e\000e\000s\000\040\000o\000f\000\040\000f\000r\000e\000e\000d\000o\000m}{subsection.1.1.2}% 13
\BOOKMARK [3][-]{subsubsection.1.1.2.7}{\376\377\000v\000i\000i\000\040\000P\000a\000r\000a\000m\000e\000t\000r\000i\000c\000\040\000f\000a\000m\000i\000l\000y\000\040\000o\000f\000\040\000s\000o\000l\000u\000t\000i\000o\000n\000s}{subsection.1.1.2}% 14
\BOOKMARK [3][-]{subsubsection.1.1.2.8}{\376\377\000v\000i\000i\000i\000\040\000G\000e\000n\000e\000r\000a\000l\000\040\000s\000o\000l\000u\000t\000i\000o\000n\000\040\000\050\220\032\211\343\000\051}{subsection.1.1.2}% 15
\BOOKMARK [3][-]{subsubsection.1.1.2.9}{\376\377\000i\000x\000\040\000P\000a\000r\000t\000i\000c\000u\000l\000a\000r\000\040\000s\000o\000l\000u\000t\000i\000o\000n\000\040\000\050\162\171\211\343\000\051}{subsection.1.1.2}% 16
\BOOKMARK [3][-]{subsubsection.1.1.2.10}{\376\377\000x\000\040\000S\000i\000n\000g\000u\000l\000a\000r\000\040\000s\000o\000l\000u\000t\000i\000o\000n\000\040\000\050\131\107\165\160\211\343\000\051}{subsection.1.1.2}% 17
\BOOKMARK [3][-]{subsubsection.1.1.2.11}{\376\377\000x\000i\000\040\000S\000o\000l\000u\000t\000i\000o\000n\000s\000\040\000b\000y\000\040\000s\000u\000b\000s\000t\000i\000t\000u\000t\000i\000o\000n\000s\000\040\000o\000r\000\040\000s\000o\000l\000u\000t\000i\000o\000n\000s\000\040\000b\000y\000\040\000c\000h\000a\000n\000g\000e\000\040\000o\000f\000\040\000v\000a\000r\000i\000a\000b\000l\000e\000s}{subsection.1.1.2}% 18
\BOOKMARK [3][-]{subsubsection.1.1.2.12}{\376\377\000x\000i\000i\000\040\000S\000o\000l\000u\000t\000i\000o\000n\000\040\000o\000f\000\040\000S\000y\000s\000t\000e\000m\000\040\000o\000f\000\040\000O\000D\000E\000s}{subsection.1.1.2}% 19
\BOOKMARK [3][-]{subsubsection.1.1.2.13}{\376\377\000x\000i\000i\000i\000\040\000O\000r\000t\000h\000o\000g\000o\000n\000a\000l\000\040\000t\000r\000a\000j\000e\000c\000t\000o\000r\000y\000\040\000a\000n\000d\000\040\000i\000s\000o\000g\000o\000n\000a\000l\000\040\000t\000r\000a\000j\000e\000c\000t\000o\000r\000y}{subsection.1.1.2}% 20
\BOOKMARK [2][-]{subsection.1.1.3}{\376\377\000I\000I\000I\000\040\000C\000o\000n\000v\000e\000r\000s\000i\000o\000n\000\040\000o\000f\000\040\000o\000r\000d\000e\000r\000\040\000t\000o\000\040\000v\000a\000r\000i\000a\000b\000l\000e}{section.1.1}% 21
\BOOKMARK [1][-]{section.1.2}{\376\377\0002\000\040\000F\000i\000r\000s\000t\000-\000o\000r\000d\000e\000r\000\040\000O\000D\000E}{chapter.1}% 22
\BOOKMARK [2][-]{subsection.1.2.1}{\376\377\000I\000\040\000D\000i\000f\000f\000e\000r\000e\000n\000t\000i\000a\000l\000\040\000f\000o\000r\000m}{section.1.2}% 23
\BOOKMARK [2][-]{subsection.1.2.2}{\376\377\000I\000I\000\040\000S\000l\000o\000p\000e}{section.1.2}% 24
\BOOKMARK [3][-]{subsubsection.1.2.2.1}{\376\377\000i\000\040\000S\000l\000o\000p\000e\000\040\000f\000u\000n\000c\000t\000i\000o\000n\000\040\000o\000r\000\040\000r\000a\000t\000e\000\040\000f\000u\000n\000c\000t\000i\000o\000n}{subsection.1.2.2}% 25
\BOOKMARK [3][-]{subsubsection.1.2.2.2}{\376\377\000i\000i\000\040\000D\000i\000r\000e\000c\000t\000i\000o\000n\000\040\000f\000i\000e\000l\000d\000\040\000o\000r\000\040\000s\000l\000o\000p\000e\000\040\000f\000i\000e\000l\000d\000\040\000\050\145\234\163\207\130\064\000\051}{subsection.1.2.2}% 26
\BOOKMARK [3][-]{subsubsection.1.2.2.3}{\376\377\000i\000i\000i\000\040\000I\000s\000o\000c\000l\000i\000n\000e}{subsection.1.2.2}% 27
\BOOKMARK [2][-]{subsection.1.2.3}{\376\377\000I\000I\000I\000\040\000A\000u\000t\000o\000n\000o\000m\000o\000u\000s\000\040\000S\000y\000s\000t\000e\000m}{section.1.2}% 28
\BOOKMARK [3][-]{subsubsection.1.2.3.1}{\376\377\000i\000\040\000A\000u\000t\000o\000n\000o\000m\000o\000u\000s\000\040\000s\000y\000s\000t\000e\000m\000\040\000\050\201\352\154\273\174\373\175\161\000\051}{subsection.1.2.3}% 29
\BOOKMARK [3][-]{subsubsection.1.2.3.2}{\376\377\000i\000i\000\040\000C\000r\000i\000t\000i\000c\000a\000l\000\040\000p\000o\000i\000n\000t\000\040\000\050\201\350\165\114\236\336\000\051\000,\000\040\000e\000q\000u\000i\000l\000i\000b\000r\000i\000u\000m\000,\000\040\000e\000q\000u\000i\000l\000i\000b\000r\000i\000u\000m\000\040\000p\000o\000i\000n\000t\000\040\000\050\136\163\210\141\236\336\000\051\000,\000\040\000o\000r\000\040\000s\000t\000a\000t\000i\000o\000n\000a\000r\000y\000\040\000p\000o\000i\000n\000t\000\040\000\050\231\320\236\336\000\051\000\040\000o\000f\000\040\000a\000u\000t\000o\000n\000o\000m\000o\000u\000s\000\040\000s\000y\000s\000t\000e\000m\000s\000\040\000o\000f\000\040\000O\000D\000E\000s}{subsection.1.2.3}% 30
\BOOKMARK [3][-]{subsubsection.1.2.3.3}{\376\377\000i\000i\000i\000\040\000T\000r\000a\000n\000s\000l\000a\000t\000i\000o\000n\000\040\000p\000r\000o\000p\000e\000r\000t\000y\000\040\000o\000r\000\040\000s\000h\000i\000f\000t\000\040\000p\000r\000o\000p\000e\000r\000t\000y\000\040\000o\000f\000\040\000s\000o\000l\000u\000t\000i\000o\000n\000s\000\040\000o\000f\000\040\000a\000u\000t\000o\000n\000o\000m\000o\000u\000s\000\040\000s\000y\000s\000t\000e\000m\000s\000\040\000o\000f\000\040\000O\000D\000E\000s}{subsection.1.2.3}% 31
\BOOKMARK [2][-]{subsection.1.2.4}{\376\377\000I\000V\000\040\000O\000r\000t\000h\000o\000g\000o\000n\000a\000l\000\040\000t\000r\000a\000j\000e\000c\000t\000o\000r\000i\000e\000s}{section.1.2}% 32
\BOOKMARK [2][-]{subsection.1.2.5}{\376\377\000V\000\040\000S\000e\000p\000a\000r\000a\000b\000l\000e\000\040\000e\000q\000u\000a\000t\000i\000o\000n}{section.1.2}% 33
\BOOKMARK [3][-]{subsubsection.1.2.5.1}{\376\377\000i\000\040\000D\000e\000f\000i\000n\000i\000t\000i\000o\000n}{subsection.1.2.5}% 34
\BOOKMARK [3][-]{subsubsection.1.2.5.2}{\376\377\000i\000i\000\040\000S\000o\000l\000u\000t\000i\000o\000n\000s\000\040\000b\000y\000\040\000d\000i\000r\000e\000c\000t\000\040\000i\000n\000t\000e\000g\000r\000a\000t\000i\000o\000n}{subsection.1.2.5}% 35
\BOOKMARK [3][-]{subsubsection.1.2.5.3}{\376\377\000i\000i\000i\000\040\000E\000x\000a\000m\000p\000l\000e\000:\000\040\000l\000a\000w\000\040\000o\000f\000\040\000n\000a\000t\000u\000r\000a\000l\000\040\000g\000r\000o\000w\000t\000h}{subsection.1.2.5}% 36
\BOOKMARK [3][-]{subsubsection.1.2.5.4}{\376\377\000i\000v\000\040\000E\000x\000a\000m\000p\000l\000e\000:\000\040\000l\000o\000g\000i\000s\000t\000i\000c\000\040\000d\000i\000f\000f\000e\000r\000e\000n\000t\000i\000a\000l\000\040\000e\000q\000u\000a\000t\000i\000o\000n}{subsection.1.2.5}% 37
\BOOKMARK [3][-]{subsubsection.1.2.5.5}{\376\377\000v\000\040\000E\000x\000a\000m\000p\000l\000e\000:\000\040\000L\000o\000t\000k\000a\040\023\000V\000o\000l\000t\000e\000r\000r\000a\000\040\000e\000q\000u\000a\000t\000i\000o\000n\000s\000\040\000o\000r\000\040\000p\000r\000e\000d\000a\000t\000o\000r\040\023\000p\000r\000e\000y\000\040\000e\000q\000u\000a\000t\000i\000o\000n\000s}{subsection.1.2.5}% 38
\BOOKMARK [2][-]{subsection.1.2.6}{\376\377\000V\000I\000\040\000L\000i\000n\000e\000a\000r\000\040\000e\000q\000u\000a\000t\000i\000o\000n}{section.1.2}% 39
\BOOKMARK [3][-]{subsubsection.1.2.6.1}{\376\377\000i\000\040\000D\000e\000f\000i\000n\000i\000t\000i\000o\000n}{subsection.1.2.6}% 40
\BOOKMARK [3][-]{subsubsection.1.2.6.2}{\376\377\000i\000i\000\040\000S\000o\000l\000u\000t\000i\000o\000n\000s\000\040\000b\000y\000\040\000i\000n\000t\000e\000g\000r\000a\000t\000i\000n\000g\000\040\000f\000a\000c\000t\000o\000r}{subsection.1.2.6}% 41
\BOOKMARK [3][-]{subsubsection.1.2.6.3}{\376\377\000i\000i\000i\000\040\000R\000e\000m\000a\000r\000k\000s}{subsection.1.2.6}% 42
\BOOKMARK [3][-]{subsubsection.1.2.6.4}{\376\377\000i\000v\000\040\000E\000x\000a\000m\000p\000l\000e\000:\000\040\000c\000o\000n\000s\000t\000a\000n\000t\000\040\000v\000o\000l\000t\000a\000g\000e\000\040\000s\000e\000r\000i\000e\000s\000\040\000R\000L\000\040\000f\000i\000l\000t\000e\000r\000\040\000c\000i\000r\000c\000u\000i\000t}{subsection.1.2.6}% 43
\BOOKMARK [3][-]{subsubsection.1.2.6.5}{\376\377\000v\000\040\000E\000x\000a\000m\000p\000l\000e\000:\000\040\000c\000o\000n\000s\000t\000a\000n\000t\000\040\000c\000u\000r\000r\000e\000n\000t\000\040\000p\000a\000r\000a\000l\000l\000e\000l\000\040\000R\000C\000\040\000f\000i\000l\000t\000e\000r\000\040\000c\000i\000r\000c\000u\000i\000t}{subsection.1.2.6}% 44
\BOOKMARK [3][-]{subsubsection.1.2.6.6}{\376\377\000v\000i\000\040\000E\000x\000a\000m\000p\000l\000e\000:\000\040\000F\000a\000l\000l\000i\000n\000g\000\040\000w\000i\000t\000h\000\040\000d\000r\000a\000g\000\040\000f\000o\000r\000c\000e\000\040\000c\000o\000m\000p\000l\000y\000i\000n\000g\000\040\000w\000i\000t\000h\000\040\000S\000t\000o\000k\000e\000s\000'\000\040\000l\000a\000w}{subsection.1.2.6}% 45
\BOOKMARK [2][-]{subsection.1.2.7}{\376\377\000V\000I\000I\000\040\000E\000x\000a\000c\000t\000\040\000e\000q\000u\000a\000t\000i\000o\000n}{section.1.2}% 46
\BOOKMARK [3][-]{subsubsection.1.2.7.1}{\376\377\000i\000\040\000D\000e\000f\000i\000n\000i\000t\000i\000o\000n}{subsection.1.2.7}% 47
\BOOKMARK [3][-]{subsubsection.1.2.7.2}{\376\377\000i\000i\000\040\000S\000o\000l\000u\000t\000i\000o\000n\000s\000\040\000b\000y\000\040\000i\000n\000t\000e\000g\000r\000a\000t\000i\000o\000n\000\040\000a\000n\000d\000\040\000t\000h\000e\000n\000\040\000d\000i\000f\000f\000e\000r\000e\000n\000t\000i\000a\000t\000i\000o\000n\000\040\000w\000i\000t\000h\000\040\000r\000e\000s\000p\000e\000c\000t\000\040\000t\000o\000\040\000d\000i\000f\000f\000e\000r\000e\000n\000t\000\040\000v\000a\000r\000i\000a\000b\000l\000e\000s}{subsection.1.2.7}% 48
\BOOKMARK [3][-]{subsubsection.1.2.7.3}{\376\377\000i\000i\000i\000\040\000E\000x\000a\000m\000p\000l\000e\000:\000\040\000\050\0004\000x\0003\000+\0003\000y\0002\000+\000\050\000x\000\051\000\051\000x\000+\000\050\0006\000x\000y\000+\0002\000\051\000y\000=\0000}{subsection.1.2.7}% 49
\BOOKMARK [2][-]{subsection.1.2.8}{\376\377\000V\000I\000I\000I\000\040\000I\000n\000t\000e\000g\000r\000a\000t\000i\000o\000n\000\040\000f\000a\000c\000t\000o\000r\000s\000\040\000t\000o\000\040\000m\000a\000k\000e\000\040\000i\000n\000e\000x\000a\000c\000t\000\040\000e\000q\000u\000a\000t\000i\000o\000n\000s\000\040\000e\000x\000a\000c\000t}{section.1.2}% 50
\BOOKMARK [3][-]{subsubsection.1.2.8.1}{\376\377\000i\000\040\000G\000e\000n\000e\000r\000a\000l\000\040\000c\000a\000s\000e}{subsection.1.2.8}% 51
\BOOKMARK [3][-]{subsubsection.1.2.8.2}{\376\377\000i\000i\000\040\000S\000e\000p\000a\000r\000a\000b\000l\000e\000\040\000c\000a\000s\000e}{subsection.1.2.8}% 52
\BOOKMARK [2][-]{subsection.1.2.9}{\376\377\000I\000X\000\040\000E\000x\000a\000m\000p\000l\000e\000:\000\040\000\050\0005\000x\000y\000+\0004\000y\0002\000+\0001\000\051\000x\000+\000\050\000x\0002\000+\0002\000x\000y\000\051\000y\000=\0000}{section.1.2}% 53
\BOOKMARK [3][-]{subsubsection.1.2.9.1}{\376\377\000i\000\040\000E\000x\000a\000m\000p\000l\000e\000:\000\040\000\050\0002\000x\000y\000+\000y\000\051\000x\000+\000x\0002\000y\000=\0000}{subsection.1.2.9}% 54
\BOOKMARK [2][-]{subsection.1.2.10}{\376\377\000X\000\040\000H\000o\000m\000o\000g\000e\000n\000e\000o\000u\000s\000\040\000e\000q\000u\000a\000t\000i\000o\000n}{section.1.2}% 55
\BOOKMARK [3][-]{subsubsection.1.2.10.1}{\376\377\000i\000\040\000D\000e\000f\000i\000n\000i\000t\000i\000o\000n}{subsection.1.2.10}% 56
\BOOKMARK [3][-]{subsubsection.1.2.10.2}{\376\377\000i\000i\000\040\000S\000o\000l\000u\000t\000i\000o\000n\000s\000\040\000b\000y\000\040\000s\000u\000b\000s\000t\000i\000t\000u\000t\000i\000o\000n\000s}{subsection.1.2.10}% 57
\BOOKMARK [3][-]{subsubsection.1.2.10.3}{\376\377\000i\000i\000i\000\040\000E\000x\000a\000m\000p\000l\000e\000:\000\040\000\050\000x\0002\000+\000y\0002\000\051\000x\000-\0002\000x\000y\000y\000=\0000}{subsection.1.2.10}% 58
\BOOKMARK [3][-]{subsubsection.1.2.10.4}{\376\377\000i\000v\000\040\000E\000x\000a\000m\000p\000l\000e\000:\000\040\000\050\000x\0002\000+\000y\0002\000\051\000x\000+\000y\0002\000y\000=\0000}{subsection.1.2.10}% 59
\BOOKMARK [2][-]{subsection.1.2.11}{\376\377\000X\000I\000\040\000B\000e\000r\000n\000o\000u\000l\000l\000i\000\040\000e\000q\000u\000a\000t\000i\000o\000n}{section.1.2}% 60
\BOOKMARK [3][-]{subsubsection.1.2.11.1}{\376\377\000i\000\040\000D\000e\000f\000i\000n\000i\000t\000i\000o\000n}{subsection.1.2.11}% 61
\BOOKMARK [3][-]{subsubsection.1.2.11.2}{\376\377\000i\000i\000\040\000S\000o\000l\000u\000t\000i\000o\000n\000s\000\040\000b\000y\000\040\000s\000u\000b\000s\000t\000i\000t\000u\000t\000i\000o\000n\000s}{subsection.1.2.11}% 62
\BOOKMARK [3][-]{subsubsection.1.2.11.3}{\376\377\000i\000i\000i\000\040\000E\000x\000a\000m\000p\000l\000e\000:\000\040\000y\000x\000+\000\050\000x\000\051\000y\000=\000\050\0002\000x\000\051\000y\0003\000/\0002}{subsection.1.2.11}% 63
\BOOKMARK [2][-]{subsection.1.2.12}{\376\377\000X\000I\000I\000\040\000S\000l\000o\000p\000e\000\040\000b\000e\000i\000n\000g\000\040\000f\000u\000n\000c\000t\000i\000o\000n\000\040\000o\000f\000\040\000l\000i\000n\000e\000a\000r\000\040\000f\000u\000n\000c\000t\000i\000o\000n}{section.1.2}% 64
\BOOKMARK [2][-]{subsection.1.2.13}{\376\377\000X\000I\000I\000I\000\040\000S\000l\000o\000p\000e\000\040\000b\000e\000i\000n\000g\000\040\000f\000u\000n\000c\000t\000i\000o\000n\000\040\000o\000f\000\040\000l\000i\000n\000e\000a\000r\000\040\000f\000u\000n\000c\000t\000i\000o\000n\000\040\000o\000v\000e\000r\000\040\000l\000i\000n\000e\000a\000r\000\040\000f\000u\000n\000c\000t\000i\000o\000n}{section.1.2}% 65
\BOOKMARK [1][-]{section.1.3}{\376\377\0003\000\040\000L\000i\000n\000e\000a\000r\000\040\000O\000D\000E}{chapter.1}% 66
\BOOKMARK [2][-]{subsection.1.3.1}{\376\377\000I\000\040\000B\000a\000s\000i\000c\000s}{section.1.3}% 67
\BOOKMARK [3][-]{subsubsection.1.3.1.1}{\376\377\000i\000\040\000L\000i\000n\000e\000a\000r\000\040\000O\000D\000E}{subsection.1.3.1}% 68
\BOOKMARK [3][-]{subsubsection.1.3.1.2}{\376\377\000i\000i\000\040\000L\000i\000n\000e\000a\000r\000\040\000d\000i\000f\000f\000e\000r\000e\000n\000t\000i\000a\000l\000\040\000o\000p\000e\000r\000a\000t\000o\000r}{subsection.1.3.1}% 69
\BOOKMARK [3][-]{subsubsection.1.3.1.3}{\376\377\000i\000i\000i\000\040\000L\000i\000n\000e\000a\000r\000i\000t\000y}{subsection.1.3.1}% 70
\BOOKMARK [3][-]{subsubsection.1.3.1.4}{\376\377\000i\000v\000\040\000H\000o\000m\000o\000g\000e\000n\000e\000i\000t\000y}{subsection.1.3.1}% 71
\BOOKMARK [3][-]{subsubsection.1.3.1.5}{\376\377\000v\000\040\000C\000o\000m\000p\000l\000e\000m\000e\000n\000t\000a\000r\000y\000\040\000o\000r\000\040\000a\000s\000s\000o\000c\000i\000a\000t\000e\000d\000\040\000\050\000h\000o\000m\000o\000g\000e\000n\000e\000o\000u\000s\000\051\000\040\000e\000q\000u\000a\000t\000i\000o\000n\000,\000\040\000n\000a\000t\000u\000r\000a\000l\000,\000\040\000c\000o\000m\000p\000l\000e\000m\000e\000n\000t\000a\000r\000y\000,\000\040\000o\000r\000\040\000h\000o\000m\000o\000g\000e\000n\000e\000o\000u\000s\000\040\000s\000o\000l\000u\000t\000i\000o\000n\000\040\000o\000r\000\040\000f\000u\000n\000c\000t\000i\000o\000n\000,\000\040\000a\000n\000d\000\040\000p\000a\000r\000t\000i\000c\000u\000l\000a\000r\000l\000y\000\040\000s\000o\000l\000u\000t\000i\000o\000n}{subsection.1.3.1}% 72
\BOOKMARK [3][-]{subsubsection.1.3.1.6}{\376\377\000v\000i\000\040\000S\000u\000p\000e\000r\000p\000o\000s\000i\000t\000i\000o\000n\000\040\000p\000r\000i\000n\000c\000i\000p\000l\000e}{subsection.1.3.1}% 73
\BOOKMARK [3][-]{subsubsection.1.3.1.7}{\376\377\000v\000i\000i\000\040\000W\000r\000o\001\104\000s\000k\000i\000a\000n\000\040\000o\000r\000\040\000W\000r\000o\000n\000s\000k\000i\000a\000n}{subsection.1.3.1}% 74
\BOOKMARK [3][-]{subsubsection.1.3.1.8}{\376\377\000v\000i\000i\000i\000\040\000N\000o\000n\000-\000z\000e\000r\000o\000\040\000W\000r\000o\001\104\000s\000k\000i\000a\000n\000\040\000i\000m\000p\000l\000i\000e\000s\000\040\000l\000i\000n\000e\000a\000r\000\040\000i\000n\000d\000e\000p\000e\000n\000d\000e\000n\000c\000e}{subsection.1.3.1}% 75
\BOOKMARK [3][-]{subsubsection.1.3.1.9}{\376\377\000i\000x\000\040\000G\000e\000n\000e\000r\000a\000l\000\040\000A\000b\000e\000l\000'\000s\000\040\000\050\000d\000i\000f\000f\000e\000r\000e\000n\000t\000i\000a\000l\000\040\000e\000q\000u\000a\000t\000i\000o\000n\000\051\000\040\000i\000d\000e\000n\000t\000i\000t\000y\000/\000f\000o\000r\000m\000u\000l\000a}{subsection.1.3.1}% 76
\BOOKMARK [3][-]{subsubsection.1.3.1.10}{\376\377\000x\000\040\000N\000o\000n\000-\000z\000e\000r\000o\000\040\000W\000r\000o\001\104\000s\000k\000i\000a\000n\000\040\000o\000f\000\040\000s\000o\000l\000u\000t\000i\000o\000n\000s\000\040\000o\000f\000\040\000h\000o\000m\000o\000g\000e\000n\000e\000o\000u\000s\000\040\000l\000i\000n\000e\000a\000r\000\040\000e\000q\000u\000a\000t\000i\000o\000n\000\040\000i\000f\000f\000\040\000l\000i\000n\000e\000a\000r\000\040\000i\000n\000d\000e\000p\000e\000n\000d\000e\000n\000c\000e\000\040\000o\000f\000\040\000t\000h\000e\000m}{subsection.1.3.1}% 77
\BOOKMARK [3][-]{subsubsection.1.3.1.11}{\376\377\000x\000i\000\040\000S\000o\000l\000u\000t\000i\000o\000n\000s\000\040\000o\000f\000\040\000l\000i\000n\000e\000a\000r\000\040\000O\000D\000E\000\040\000a\000s\000\040\000v\000e\000c\000t\000o\000r\000\040\000s\000p\000a\000c\000e}{subsection.1.3.1}% 78
\BOOKMARK [3][-]{subsubsection.1.3.1.12}{\376\377\000x\000i\000i\000\040\000S\000o\000l\000u\000t\000i\000o\000n\000s\000\040\000o\000f\000\040\000n\000o\000n\000-\000h\000o\000m\000o\000g\000e\000n\000e\000o\000u\000s\000\040\000l\000i\000n\000e\000a\000r\000\040\000O\000D\000E\000\040\000a\000s\000\040\000a\000f\000f\000i\000n\000e\000\040\000s\000p\000a\000c\000e}{subsection.1.3.1}% 79
\BOOKMARK [3][-]{subsubsection.1.3.1.13}{\376\377\000x\000i\000i\000i\000\040\000A\000n\000n\000i\000h\000i\000l\000a\000t\000o\000r}{subsection.1.3.1}% 80
\BOOKMARK [3][-]{subsubsection.1.3.1.14}{\376\377\000x\000i\000v\000\040\000A\000n\000n\000i\000h\000i\000l\000a\000t\000o\000r\000\040\000m\000u\000l\000t\000i\000p\000l\000i\000c\000a\000t\000i\000o\000n\000\040\000p\000r\000o\000p\000e\000r\000t\000y}{subsection.1.3.1}% 81
\BOOKMARK [2][-]{subsection.1.3.2}{\376\377\000I\000I\000\040\000C\000h\000a\000r\000a\000c\000t\000e\000r\000i\000s\000t\000i\000c\000\040\000e\000q\000u\000a\000t\000i\000o\000n\000\040\000o\000r\000\040\000a\000u\000x\000i\000l\000i\000a\000r\000y\000\040\000e\000q\000u\000a\000t\000i\000o\000n\000\040\000f\000o\000r\000\040\000c\000o\000n\000s\000t\000a\000n\000t\000\040\000c\000o\000e\000f\000f\000i\000c\000i\000e\000n\000t\000\040\000h\000o\000m\000o\000g\000e\000n\000e\000o\000u\000s\000\040\000l\000i\000n\000e\000a\000r\000\040\000O\000D\000E}{section.1.3}% 82
\BOOKMARK [3][-]{subsubsection.1.3.2.1}{\376\377\000i\000\040\000M\000e\000t\000h\000o\000d\000\040\000o\000f\000\040\000s\000o\000l\000u\000t\000i\000o\000n}{subsection.1.3.2}% 83
\BOOKMARK [3][-]{subsubsection.1.3.2.2}{\376\377\000i\000i\000\040\000E\000x\000p\000o\000n\000e\000n\000t\000i\000a\000l\000\040\000o\000r\000d\000e\000r}{subsection.1.3.2}% 84
\BOOKMARK [3][-]{subsubsection.1.3.2.3}{\376\377\000i\000i\000i\000\040\000E\000x\000a\000m\000p\000l\000e\000:\000\040\000s\000i\000m\000p\000l\000e\000\040\000h\000a\000r\000m\000o\000n\000i\000c\000\040\000m\000o\000t\000i\000o\000n}{subsection.1.3.2}% 85
\BOOKMARK [3][-]{subsubsection.1.3.2.4}{\376\377\000i\000v\000\040\000E\000x\000a\000m\000p\000l\000e\000:\000\040\000l\000i\000n\000e\000a\000r\000l\000y\000\040\000d\000a\000m\000p\000e\000d\000\040\000s\000i\000m\000p\000l\000e\000\040\000h\000a\000r\000m\000o\000n\000i\000c\000\040\000m\000o\000t\000i\000o\000n}{subsection.1.3.2}% 86
\BOOKMARK [2][-]{subsection.1.3.3}{\376\377\000I\000I\000I\000\040\000M\000e\000t\000h\000o\000d\000\040\000o\000f\000\040\000u\000n\000d\000e\000t\000e\000r\000m\000i\000n\000e\000d\000\040\000c\000o\000e\000f\000f\000i\000c\000i\000e\000n\000t\000s\000\040\000\050\000M\000U\000C\000\051\000\040\000f\000o\000r\000\040\000c\000o\000n\000s\000t\000a\000n\000t\000\040\000c\000o\000e\000f\000f\000i\000c\000i\000e\000n\000t\000\040\000n\000o\000n\000-\000h\000o\000m\000o\000g\000e\000n\000e\000o\000u\000s\000\040\000l\000i\000n\000e\000a\000r\000\040\000O\000D\000E}{section.1.3}% 87
\BOOKMARK [3][-]{subsubsection.1.3.3.1}{\376\377\000i\000\040\000S\000u\000p\000e\000r\000p\000o\000s\000i\000t\000i\000o\000n\000\040\000a\000p\000p\000r\000o\000a\000c\000h}{subsection.1.3.3}% 88
\BOOKMARK [3][-]{subsubsection.1.3.3.2}{\376\377\000i\000i\000\040\000A\000n\000n\000i\000h\000i\000l\000a\000t\000o\000r\000\040\000a\000p\000p\000r\000o\000a\000c\000h}{subsection.1.3.3}% 89
\BOOKMARK [3][-]{subsubsection.1.3.3.3}{\376\377\000i\000i\000i\000\040\000E\000x\000a\000m\000p\000l\000e\000:\000\040\000F\000o\000r\000c\000e\000d\000\040\000o\000s\000c\000i\000l\000l\000a\000t\000i\000o\000n\000\040\000a\000n\000d\000\040\000r\000e\000s\000o\000n\000a\000n\000c\000e}{subsection.1.3.3}% 90
\BOOKMARK [2][-]{subsection.1.3.4}{\376\377\000I\000V\000\040\000V\000a\000r\000i\000a\000t\000i\000o\000n\000\040\000o\000f\000\040\000p\000a\000r\000a\000m\000e\000t\000e\000r\000s\000\040\000o\000r\000\040\000v\000a\000r\000i\000a\000t\000i\000o\000n\000\040\000o\000f\000\040\000c\000o\000n\000s\000t\000a\000n\000t\000s\000\040\000m\000e\000t\000h\000o\000d\000\040\000o\000f\000\040\000s\000o\000l\000u\000t\000i\000o\000n\000\040\000o\000f\000\040\000n\000o\000n\000-\000h\000o\000m\000o\000g\000e\000n\000e\000o\000u\000s\000\040\000l\000i\000n\000e\000a\000r\000\040\000e\000q\000u\000a\000t\000i\000o\000n}{section.1.3}% 91
\BOOKMARK [3][-]{subsubsection.1.3.4.1}{\376\377\000i\000\040\000M\000e\000t\000h\000o\000d\000\040\000o\000f\000\040\000s\000o\000l\000u\000t\000i\000o\000n}{subsection.1.3.4}% 92
\BOOKMARK [3][-]{subsubsection.1.3.4.2}{\376\377\000i\000i\000\040\000F\000o\000r\000\040\000s\000e\000c\000o\000n\000d\000-\000o\000r\000d\000e\000r\000\040\000e\000q\000u\000a\000t\000i\000o\000n\000,\000\040\000G\000r\000e\000e\000n\000'\000s\000\040\000f\000u\000n\000c\000t\000i\000o\000n}{subsection.1.3.4}% 93
\BOOKMARK [2][-]{subsection.1.3.5}{\376\377\000V\000\040\000R\000e\000d\000u\000c\000t\000i\000o\000n\000\040\000o\000f\000\040\000o\000r\000d\000e\000r}{section.1.3}% 94
\BOOKMARK [3][-]{subsubsection.1.3.5.1}{\376\377\000i\000\040\000M\000e\000t\000h\000o\000d}{subsection.1.3.5}% 95
\BOOKMARK [3][-]{subsubsection.1.3.5.2}{\376\377\000i\000i\000\040\000C\000l\000o\000s\000e\000d\000-\000f\000o\000r\000m\000\040\000f\000o\000r\000m\000u\000l\000a\000\040\000f\000o\000r\000\040\000s\000e\000c\000o\000n\000d\000-\000o\000r\000d\000e\000r\000\040\000h\000o\000m\000o\000g\000e\000n\000e\000o\000u\000s\000\040\000l\000i\000n\000e\000a\000r\000\040\000O\000D\000E\000s}{subsection.1.3.5}% 96
\BOOKMARK [3][-]{subsubsection.1.3.5.3}{\376\377\000i\000i\000i\000\040\000E\000x\000a\000m\000p\000l\000e\000:}{subsection.1.3.5}% 97
\BOOKMARK [2][-]{subsection.1.3.6}{\376\377\000V\000I\000\040\000\050\000C\000a\000u\000c\000h\000y\000-\000\051\000E\000u\000l\000e\000r\000\040\000o\000r\000\040\000e\000q\000u\000i\000d\000i\000m\000e\000n\000s\000i\000o\000n\000a\000l\000\040\000e\000q\000u\000a\000t\000i\000o\000n}{section.1.3}% 98
\BOOKMARK [3][-]{subsubsection.1.3.6.1}{\376\377\000i\000\040\000D\000e\000f\000i\000n\000i\000t\000i\000o\000n}{subsection.1.3.6}% 99
\BOOKMARK [3][-]{subsubsection.1.3.6.2}{\376\377\000i\000i\000\040\000M\000e\000t\000h\000o\000d\000\040\000o\000f\000\040\000s\000o\000l\000u\000t\000i\000o\000n}{subsection.1.3.6}% 100
\BOOKMARK [2][-]{subsection.1.3.7}{\376\377\000V\000I\000I\000\040\000P\000o\000w\000e\000r\000\040\000s\000e\000r\000i\000e\000s\000\040\000s\000o\000l\000u\000t\000i\000o\000n\000s\000\040\000a\000n\000d\000\040\000F\000r\000o\000b\000e\000n\000i\000u\000s\000\040\000m\000e\000t\000h\000o\000d\000\040\000f\000o\000r\000\040\000s\000e\000c\000o\000n\000d\000-\000o\000r\000d\000e\000r\000\040\000h\000o\000m\000o\000g\000e\000n\000e\000o\000u\000s\000\040\000l\000i\000n\000e\000a\000r\000\040\000O\000D\000E}{section.1.3}% 101
\BOOKMARK [3][-]{subsubsection.1.3.7.1}{\376\377\000i\000\040\000T\000y\000p\000e\000\040\000o\000f\000\040\000P\000o\000i\000n\000t\000s}{subsection.1.3.7}% 102
\BOOKMARK [3][-]{subsubsection.1.3.7.2}{\376\377\000i\000i\000\040\000P\000o\000w\000e\000r\000\040\000s\000e\000r\000i\000e\000s\000\040\000s\000o\000l\000u\000t\000i\000o\000n\000\040\000o\000r\000\040\000s\000o\000l\000u\000t\000i\000o\000n\000\040\000a\000b\000o\000u\000t\000\040\000o\000r\000d\000i\000n\000a\000r\000y\000\040\000p\000o\000i\000n\000t\000s}{subsection.1.3.7}% 103
\BOOKMARK [3][-]{subsubsection.1.3.7.3}{\376\377\000i\000i\000i\000\040\000F\000r\000o\000b\000e\000n\000i\000u\000s\000\040\000m\000e\000t\000h\000o\000d\000\040\000o\000r\000\040\000s\000o\000l\000u\000t\000i\000o\000n\000\040\000a\000b\000o\000u\000t\000\040\000s\000i\000n\000g\000u\000l\000a\000r\000\040\000p\000o\000i\000n\000t\000s}{subsection.1.3.7}% 104
\BOOKMARK [3][-]{subsubsection.1.3.7.4}{\376\377\000i\000v\000\040\000E\000x\000a\000m\000p\000l\000e\000:\000\040\000y\000'\000'\000-\0002\000x\000y\000'\000+\000y\000=\0000}{subsection.1.3.7}% 105
\BOOKMARK [3][-]{subsubsection.1.3.7.5}{\376\377\000v\000\040\000E\000x\000a\000m\000p\000l\000e\000:\000\040\000y\000'\000'\000+\000\050\000x\000\051\000y\000'\000+\000x\0002\000y\000=\0000}{subsection.1.3.7}% 106
\BOOKMARK [3][-]{subsubsection.1.3.7.6}{\376\377\000v\000i\000\040\000E\000x\000a\000m\000p\000l\000e\000:\000\040\000\050\000x\000-\000x\0000\000\051\0002\000y\000'\000'\000+\000\050\000x\000-\000x\0000\000\051\000y\000'\000-\000y\000=\0000}{subsection.1.3.7}% 107
\BOOKMARK [3][-]{subsubsection.1.3.7.7}{\376\377\000v\000i\000i\000\040\000E\000x\000a\000m\000p\000l\000e\000:\000\040\000x\000y\000'\000'\000+\000\050\000x\000-\0001\000\051\0002\000y\000'\000+\000y\000=\0000}{subsection.1.3.7}% 108
\BOOKMARK [3][-]{subsubsection.1.3.7.8}{\376\377\000v\000i\000i\000i\000\040\000E\000x\000a\000m\000p\000l\000e\000\040\000f\000o\000r\000\040\000c\000o\000m\000p\000l\000e\000x\000\040\000r\000o\000o\000t\000s\000:\000\040\000T\000O\000D\000O}{subsection.1.3.7}% 109
\BOOKMARK [2][-]{subsection.1.3.8}{\376\377\000V\000I\000I\000I\000\040\000L\000a\000p\000l\000a\000c\000e\000\040\000t\000r\000a\000n\000s\000f\000o\000r\000m}{section.1.3}% 110
\BOOKMARK [3][-]{subsubsection.1.3.8.1}{\376\377\000i\000\040\000C\000o\000n\000s\000t\000a\000n\000t\000\040\000c\000o\000e\000f\000f\000i\000c\000i\000e\000n\000t\000s}{subsection.1.3.8}% 111
\BOOKMARK [2][-]{subsection.1.3.9}{\376\377\000I\000X\000\040\000B\000e\000s\000s\000e\000l\000\040\000f\000u\000n\000c\000t\000i\000o\000n\000s\000\040\000a\000n\000d\000\040\000L\000e\000g\000e\000n\000d\000r\000e\000\040\000p\000o\000l\000y\000n\000o\000m\000i\000a\000l\000s}{section.1.3}% 112
\BOOKMARK [3][-]{subsubsection.1.3.9.1}{\376\377\000i\000\040\000B\000e\000s\000s\000e\000l\000\040\000f\000u\000n\000c\000t\000i\000o\000n\000s}{subsection.1.3.9}% 113
\BOOKMARK [3][-]{subsubsection.1.3.9.2}{\376\377\000i\000i\000\040\000M\000o\000d\000i\000f\000i\000e\000d\000\040\000B\000e\000s\000s\000e\000l\000\040\000f\000u\000n\000c\000t\000i\000o\000n\000s}{subsection.1.3.9}% 114
\BOOKMARK [3][-]{subsubsection.1.3.9.3}{\376\377\000i\000i\000i\000\040\000S\000p\000h\000e\000r\000i\000c\000a\000l\000\040\000B\000e\000s\000s\000e\000l\000\040\000f\000u\000n\000c\000t\000i\000o\000n\000s}{subsection.1.3.9}% 115
\BOOKMARK [3][-]{subsubsection.1.3.9.4}{\376\377\000i\000v\000\040\000P\000a\000r\000a\000m\000e\000t\000r\000i\000c\000\040\000B\000e\000s\000s\000e\000l\000\040\000e\000q\000u\000a\000t\000i\000o\000n}{subsection.1.3.9}% 116
\BOOKMARK [3][-]{subsubsection.1.3.9.5}{\376\377\000v\000\040\000P\000a\000r\000a\000m\000e\000t\000r\000i\000c\000\040\000M\000o\000d\000i\000f\000i\000e\000d\000\040\000B\000e\000s\000s\000e\000l\000\040\000e\000q\000u\000a\000t\000i\000o\000n}{subsection.1.3.9}% 117
\BOOKMARK [3][-]{subsubsection.1.3.9.6}{\376\377\000v\000i\000\040\000D\000e\000r\000i\000v\000a\000t\000i\000v\000e\000\040\000o\000f\000\040\000B\000e\000s\000s\000e\000l\000\040\000f\000u\000n\000c\000t\000i\000o\000n\000\040\000o\000f\000\040\000f\000i\000r\000s\000t\000\040\000k\000i\000n\000d}{subsection.1.3.9}% 118
\BOOKMARK [3][-]{subsubsection.1.3.9.7}{\376\377\000v\000i\000i\000\040\000D\000e\000r\000i\000v\000a\000t\000i\000v\000e\000\040\000o\000f\000\040\000m\000o\000d\000i\000f\000i\000e\000d\000\040\000B\000e\000s\000s\000e\000l\000\040\000f\000u\000n\000c\000t\000i\000o\000n\000\040\000o\000f\000\040\000f\000i\000r\000s\000t\000\040\000k\000i\000n\000d}{subsection.1.3.9}% 119
\BOOKMARK [3][-]{subsubsection.1.3.9.8}{\376\377\000v\000i\000i\000i\000\040\000L\000e\000g\000e\000n\000d\000r\000e\000\040\000p\000o\000l\000y\000n\000o\000m\000i\000a\000l}{subsection.1.3.9}% 120
\BOOKMARK [3][-]{subsubsection.1.3.9.9}{\376\377\000i\000x\000\040\000R\000o\000d\000r\000i\000g\000u\000e\000s\000'\000\040\000f\000o\000r\000m\000u\000l\000a}{subsection.1.3.9}% 121
\BOOKMARK [1][-]{section.1.4}{\376\377\0004\000\040\000L\000i\000n\000e\000a\000r\000\040\000F\000i\000r\000s\000t\000-\000o\000r\000d\000e\000r\000\040\000S\000y\000s\000t\000e\000m}{chapter.1}% 122
\BOOKMARK [2][-]{subsection.1.4.1}{\376\377\000I\000\040\000B\000a\000s\000i\000c\000s}{section.1.4}% 123
\BOOKMARK [3][-]{subsubsection.1.4.1.1}{\376\377\000i\000\040\000S\000y\000s\000t\000e\000m\000\040\000o\000f\000\040\000l\000i\000n\000e\000a\000r\000\040\000f\000i\000r\000s\000t\000-\000o\000r\000d\000e\000r\000\040\000O\000D\000E\000s\000\040\000o\000r\000\040\000l\000i\000n\000e\000a\000r\000\040\000f\000i\000r\000s\000t\000-\000o\000r\000d\000e\000r\000\040\000s\000y\000s\000t\000e\000m\000\040\000o\000r\000\040\000l\000i\000n\000e\000a\000r\000\040\000s\000y\000s\000t\000e\000m}{subsection.1.4.1}% 124
\BOOKMARK [3][-]{subsubsection.1.4.1.2}{\376\377\000i\000i\000\040\000S\000o\000l\000v\000i\000n\000g\000\040\000b\000y\000\040\000E\000l\000i\000m\000i\000n\000a\000t\000i\000o\000n}{subsection.1.4.1}% 125
\BOOKMARK [3][-]{subsubsection.1.4.1.3}{\376\377\000i\000i\000i\000\040\000E\000x\000a\000m\000p\000l\000e\000\040\0001}{subsection.1.4.1}% 126
\BOOKMARK [3][-]{subsubsection.1.4.1.4}{\376\377\000i\000v\000\040\000W\000r\000o\001\104\000s\000k\000i\000a\000n}{subsection.1.4.1}% 127
\BOOKMARK [3][-]{subsubsection.1.4.1.5}{\376\377\000v\000\040\000N\000o\000n\000-\000z\000e\000r\000o\000\040\000W\000r\000o\001\104\000s\000k\000i\000a\000n\000\040\000i\000m\000p\000l\000i\000e\000s\000\040\000l\000i\000n\000e\000a\000r\000\040\000i\000n\000d\000e\000p\000e\000n\000d\000e\000n\000c\000e}{subsection.1.4.1}% 128
\BOOKMARK [3][-]{subsubsection.1.4.1.6}{\376\377\000v\000i\000\040\000H\000o\000m\000o\000g\000e\000n\000e\000i\000t\000y}{subsection.1.4.1}% 129
\BOOKMARK [3][-]{subsubsection.1.4.1.7}{\376\377\000v\000i\000i\000\040\000C\000o\000m\000p\000l\000e\000m\000e\000n\000t\000a\000r\000y\000\040\000o\000r\000\040\000a\000s\000s\000o\000c\000i\000a\000t\000e\000d\000\040\000\050\000h\000o\000m\000o\000g\000e\000n\000e\000o\000u\000s\000\051\000\040\000f\000u\000n\000c\000t\000i\000o\000n\000,\000\040\000n\000a\000t\000u\000r\000a\000l\000,\000\040\000c\000o\000m\000p\000l\000e\000m\000e\000n\000t\000a\000r\000y\000,\000\040\000o\000r\000\040\000h\000o\000m\000o\000g\000e\000n\000e\000o\000u\000s\000\040\000s\000o\000l\000u\000t\000i\000o\000n\000\040\000o\000r\000\040\000f\000u\000n\000c\000t\000i\000o\000n\000,\000\040\000a\000n\000d\000\040\000p\000a\000r\000t\000i\000c\000u\000l\000a\000r\000l\000y\000\040\000s\000o\000l\000u\000t\000i\000o\000n}{subsection.1.4.1}% 130
\BOOKMARK [3][-]{subsubsection.1.4.1.8}{\376\377\000v\000i\000i\000i\000\040\000S\000u\000p\000e\000r\000p\000o\000s\000i\000t\000i\000o\000n\000\040\000p\000r\000i\000n\000c\000i\000p\000l\000e}{subsection.1.4.1}% 131
\BOOKMARK [2][-]{subsection.1.4.2}{\376\377\000I\000I\000\040\000H\000o\000m\000o\000g\000e\000n\000e\000o\000u\000s\000\040\000l\000i\000n\000e\000a\000r\000\040\000f\000i\000r\000s\000t\000-\000o\000r\000d\000e\000r\000\040\000s\000y\000s\000t\000e\000m}{section.1.4}% 132
\BOOKMARK [1][-]{section.1.5}{\376\377\0005\000\040\000C\000l\000a\000s\000s\000i\000c\000a\000l\000\040\000t\000h\000e\000o\000r\000y}{chapter.1}% 133
\BOOKMARK [2][-]{subsection.1.5.1}{\376\377\000I\000\040\000E\000x\000i\000s\000t\000e\000n\000c\000e\000\040\000a\000n\000d\000\040\000U\000n\000i\000q\000u\000e\000n\000e\000s\000s\000\040\000o\000f\000\040\000S\000o\000l\000u\000t\000i\000o\000n}{section.1.5}% 134
\BOOKMARK [3][-]{subsubsection.1.5.1.1}{\376\377\000i\000\040\000P\000e\000a\000n\000o\000\040\000e\000x\000i\000s\000t\000e\000n\000c\000e\000\040\000t\000h\000e\000o\000r\000e\000m\000\040\000\050\166\256\116\236\212\376\133\130\127\050\140\047\133\232\164\006\000\051\000,\000\040\000P\000e\000a\000n\000o\000\040\000t\000h\000e\000o\000r\000e\000m\000\040\000\050\166\256\116\236\212\376\133\232\164\006\000\051\000,\000\040\000o\000r\000\040\000C\000a\000u\000c\000h\000y\040\023\000P\000e\000a\000n\000o\000\040\000t\000h\000e\000o\000r\000e\000m\000\040\000\050\147\357\211\177\000-\166\256\116\236\212\376\133\232\164\006\000\051}{subsection.1.5.1}% 135
\BOOKMARK [3][-]{subsubsection.1.5.1.2}{\376\377\000i\000i\000\040\000C\000a\000r\000a\000t\000h\000\351\000o\000d\000o\000r\000y\000'\000s\000\040\000e\000x\000i\000s\000t\000e\000n\000c\000e\000\040\000t\000h\000e\000o\000r\000e\000m}{subsection.1.5.1}% 136
\BOOKMARK [3][-]{subsubsection.1.5.1.3}{\376\377\000i\000i\000i\000\040\000P\000i\000c\000a\000r\000d\040\023\000L\000i\000n\000d\000e\000l\000\366\000f\000\040\000t\000h\000e\000o\000r\000e\000m\000\040\000\050\166\256\123\141\000-\147\227\137\267\122\322\131\053\133\232\164\006\000\051\000\040\000o\000r\000\040\000C\000a\000u\000c\000h\000y\040\023\000L\000i\000p\000s\000c\000h\000i\000t\000z\000\040\000t\000h\000e\000o\000r\000e\000m\000\040\000\050\147\357\211\177\000-\122\051\146\156\136\014\203\050\133\232\164\006\000\051\000\040\000l\000o\000c\000a\000l\000\040\000v\000e\000r\000s\000i\000o\000n}{subsection.1.5.1}% 137
\BOOKMARK [3][-]{subsubsection.1.5.1.4}{\376\377\000i\000v\000\040\000E\000x\000i\000s\000t\000e\000n\000c\000e\000\040\000o\000f\000\040\000a\000\040\000u\000n\000i\000q\000u\000e\000\040\000s\000o\000l\000u\000t\000i\000o\000n\000\040\000o\000f\000\040\000l\000i\000n\000e\000a\000r\000\040\000O\000D\000E}{subsection.1.5.1}% 138
\BOOKMARK [1][-]{section.1.6}{\376\377\0006\000\040\000D\000y\000n\000a\000m\000i\000c\000a\000l\000\040\000s\000y\000s\000t\000e\000m\000\040\000\050\122\325\141\113\174\373\175\161\000\040\000o\000r\000\040\122\325\122\233\174\373\175\161\000\051}{chapter.1}% 139
\BOOKMARK [2][-]{subsection.1.6.1}{\376\377\000I\000\040\000D\000y\000n\000a\000m\000i\000c\000a\000l\000\040\000s\000y\000s\000t\000e\000m\000\040\000\050\000D\000S\000\051}{section.1.6}% 140
\BOOKMARK [3][-]{subsubsection.1.6.1.1}{\376\377\000i\000\040\000D\000y\000n\000a\000m\000i\000c\000a\000l\000\040\000s\000y\000s\000t\000e\000m}{subsection.1.6.1}% 141
\BOOKMARK [3][-]{subsubsection.1.6.1.2}{\376\377\000i\000i\000\040\000T\000i\000m\000e\000-\000i\000n\000v\000a\000r\000i\000a\000n\000t\000\040\000o\000r\000\040\000a\000u\000t\000o\000n\000o\000m\000o\000u\000s\000\040\000d\000y\000n\000a\000m\000i\000c\000a\000l\000\040\000s\000y\000s\000t\000e\000m}{subsection.1.6.1}% 142
\BOOKMARK [3][-]{subsubsection.1.6.1.3}{\376\377\000i\000i\000i\000\040\000O\000r\000b\000i\000t\000\040\000\050\216\314\220\123\000\051}{subsection.1.6.1}% 143
\BOOKMARK [3][-]{subsubsection.1.6.1.4}{\376\377\000i\000v\000\040\000\050\000P\000h\000a\000s\000e\000\051\000\040\000t\000r\000a\000j\000e\000c\000t\000o\000r\000y\000\040\000\050\000f\000u\000n\000c\000t\000i\000o\000n\000\051}{subsection.1.6.1}% 144
\BOOKMARK [3][-]{subsubsection.1.6.1.5}{\376\377\000v\000\040\000P\000h\000a\000s\000e\000\040\000p\000o\000r\000t\000r\000a\000i\000t\000\040\000\050\166\370\127\026\000\051}{subsection.1.6.1}% 145
\BOOKMARK [3][-]{subsubsection.1.6.1.6}{\376\377\000v\000i\000\040\000A\000t\000t\000r\000a\000c\000t\000o\000r\000\040\000\050\124\070\137\025\133\120\000\051}{subsection.1.6.1}% 146
\BOOKMARK [3][-]{subsubsection.1.6.1.7}{\376\377\000v\000i\000i\000\040\000R\000e\000p\000e\000l\000l\000e\000r}{subsection.1.6.1}% 147
\BOOKMARK [3][-]{subsubsection.1.6.1.8}{\376\377\000v\000i\000i\000i\000\040\000C\000o\000n\000t\000i\000n\000u\000o\000u\000s\000-\000t\000i\000m\000e\000\040\000d\000y\000n\000a\000m\000i\000c\000a\000l\000\040\000s\000y\000s\000t\000e\000m}{subsection.1.6.1}% 148
\BOOKMARK [3][-]{subsubsection.1.6.1.9}{\376\377\000i\000x\000\040\000D\000i\000s\000c\000r\000e\000t\000e\000-\000t\000i\000m\000e\000\040\000d\000y\000n\000a\000m\000i\000c\000a\000l\000\040\000s\000y\000s\000t\000e\000m}{subsection.1.6.1}% 149
\BOOKMARK [2][-]{subsection.1.6.2}{\376\377\000I\000I\000\040\000C\000o\000n\000t\000i\000n\000u\000o\000u\000s\000-\000t\000i\000m\000e\000\040\000d\000y\000n\000a\000m\000i\000c\000a\000l\000\040\000s\000y\000s\000t\000e\000m\000s}{section.1.6}% 150
\BOOKMARK [3][-]{subsubsection.1.6.2.1}{\376\377\000i\000\040\000S\000y\000s\000t\000e\000m\000s\000\040\000o\000f\000\040\000f\000i\000r\000s\000t\000-\000o\000r\000d\000e\000r\000\040\000O\000D\000E\000s}{subsection.1.6.2}% 151
\BOOKMARK [2][-]{subsection.1.6.3}{\376\377\000I\000I\000I\000\040\000A\000u\000t\000o\000n\000o\000m\000o\000u\000s\000\040\000c\000o\000n\000t\000i\000n\000u\000o\000u\000s\000-\000t\000i\000m\000e\000\040\000d\000y\000n\000a\000m\000i\000c\000a\000l\000\040\000s\000y\000s\000t\000e\000m\000s}{section.1.6}% 152
\BOOKMARK [3][-]{subsubsection.1.6.3.1}{\376\377\000i\000\040\000E\000q\000u\000i\000l\000i\000b\000r\000i\000a\000,\000\040\000f\000i\000x\000e\000d\000\040\000p\000o\000i\000n\000t\000s\000,\000\040\000o\000r\000\040\000f\000i\000x\000p\000o\000i\000n\000t\000s\000\040\000o\000f\000\040\000a\000u\000t\000o\000n\000o\000m\000o\000u\000s\000\040\000c\000o\000n\000t\000i\000n\000u\000o\000u\000s\000-\000t\000i\000m\000e\000\040\000d\000y\000n\000a\000m\000i\000c\000a\000l\000\040\000s\000y\000s\000t\000e\000m\000s}{subsection.1.6.3}% 153
\BOOKMARK [3][-]{subsubsection.1.6.3.2}{\376\377\000i\000i\000\040\000A\000u\000t\000o\000n\000o\000m\000o\000u\000s\000\040\000s\000y\000s\000t\000e\000m\000\040\000o\000f\000\040\000O\000D\000E\000s}{subsection.1.6.3}% 154
\BOOKMARK [3][-]{subsubsection.1.6.3.3}{\376\377\000i\000i\000i\000\040\000P\000h\000a\000s\000e\000\040\000p\000o\000r\000t\000r\000a\000i\000t}{subsection.1.6.3}% 155
\BOOKMARK [3][-]{subsubsection.1.6.3.4}{\376\377\000i\000v\000\040\000L\000i\000n\000e\000a\000r\000\040\000a\000u\000t\000o\000n\000o\000m\000o\000u\000s\000\040\000c\000o\000n\000t\000i\000n\000u\000o\000u\000s\000-\000t\000i\000m\000e\000\040\000d\000y\000n\000a\000m\000i\000c\000a\000l\000\040\000s\000y\000s\000t\000e\000m}{subsection.1.6.3}% 156
\BOOKMARK [2][-]{subsection.1.6.4}{\376\377\000I\000V\000\040\000S\000t\000a\000b\000i\000l\000i\000t\000y\000\040\000o\000f\000\040\000e\000q\000u\000i\000l\000i\000b\000r\000i\000a}{section.1.6}% 157
\BOOKMARK [3][-]{subsubsection.1.6.4.1}{\376\377\000i\000\040\000\050\000L\000y\000a\000p\000u\000n\000o\000v\000\051\000\040\000s\000t\000a\000b\000l\000e\000\040\000\050\377\010\147\116\116\236\146\156\212\376\131\053\377\011\172\151\133\232\000\051}{subsection.1.6.4}% 158
\BOOKMARK [3][-]{subsubsection.1.6.4.2}{\376\377\000i\000i\000\040\000A\000s\000y\000m\000p\000t\000o\000t\000i\000c\000a\000l\000l\000y\000\040\000s\000t\000a\000b\000l\000e\000\040\000\050\157\070\217\321\172\151\133\232\000\051}{subsection.1.6.4}% 159
\BOOKMARK [3][-]{subsubsection.1.6.4.3}{\376\377\000i\000i\000i\000\040\000E\000x\000p\000o\000n\000e\000n\000t\000i\000a\000l\000l\000y\000\040\000s\000t\000a\000b\000l\000e\000\040\000\050\143\007\145\170\172\151\133\232\000\051}{subsection.1.6.4}% 160
\BOOKMARK [3][-]{subsubsection.1.6.4.4}{\376\377\000i\000v\000\040\000S\000e\000m\000i\000-\000s\000t\000a\000b\000l\000e\000\040\000o\000r\000\040\000s\000e\000m\000i\000s\000t\000a\000b\000l\000e\000\040\000\050\123\112\172\151\133\232\000\051}{subsection.1.6.4}% 161
\BOOKMARK [3][-]{subsubsection.1.6.4.5}{\376\377\000v\000\040\000M\000a\000r\000g\000i\000n\000a\000l\000l\000y\000\040\000s\000t\000a\000b\000l\000e\000\040\000\050\201\350\165\114\172\151\133\232\000\051}{subsection.1.6.4}% 162
\BOOKMARK [3][-]{subsubsection.1.6.4.6}{\376\377\000v\000i\000\040\000U\000n\000s\000t\000a\000b\000l\000e\000\040\000\050\116\015\172\151\133\232\000\051}{subsection.1.6.4}% 163
\BOOKMARK [1][-]{section.1.7}{\376\377\0007\000\040\000N\000u\000m\000e\000r\000i\000c\000a\000l\000\040\000M\000e\000t\000h\000o\000d}{chapter.1}% 164
\BOOKMARK [2][-]{subsection.1.7.1}{\376\377\000I\000\040\000F\000i\000r\000s\000t\000-\000o\000r\000d\000e\000r\000\040\000O\000D\000E}{section.1.7}% 165
\BOOKMARK [3][-]{subsubsection.1.7.1.1}{\376\377\000i\000\040\000\050\000F\000o\000r\000w\000a\000r\000d\000\051\000\040\000E\000u\000l\000e\000r\000\050\000'\000s\000\051\000\040\000m\000e\000t\000h\000o\000d}{subsection.1.7.1}% 166
\BOOKMARK [3][-]{subsubsection.1.7.1.2}{\376\377\000i\000i\000\040\000B\000a\000c\000k\000w\000a\000r\000d\000\040\000E\000u\000l\000e\000r\000\050\000'\000s\000\051\000\040\000m\000e\000t\000h\000o\000d}{subsection.1.7.1}% 167
\BOOKMARK [1][-]{section.1.8}{\376\377\0008\000\040\000C\000o\000n\000t\000r\000o\000l\000\040\000T\000h\000e\000o\000r\000y\000\040\000\050\143\247\122\066\164\006\212\326\000\051}{chapter.1}% 168
\BOOKMARK [2][-]{subsection.1.8.1}{\376\377\000I\000\040\000C\000o\000n\000t\000i\000n\000u\000o\000u\000s\000-\000t\000i\000m\000e\000\040\000l\000i\000n\000e\000a\000r\000\040\000t\000i\000m\000e\000-\000i\000n\000v\000a\000r\000i\000a\000n\000t\000\040\000\050\000L\000T\000I\000\051\000\040\000s\000y\000s\000t\000e\000m}{section.1.8}% 169
\BOOKMARK [3][-]{subsubsection.1.8.1.1}{\376\377\000i\000\040\000C\000a\000u\000s\000a\000l\000\040\000\050\126\340\147\234\166\204\000\051\000\040\000c\000o\000n\000t\000i\000n\000u\000o\000u\000s\000-\000t\000i\000m\000e\000\040\000l\000i\000n\000e\000a\000r\000\040\000t\000i\000m\000e\000-\000i\000n\000v\000a\000r\000i\000a\000n\000t\000\040\000\050\000L\000T\000I\000\051\000\040\000s\000y\000s\000t\000e\000m}{subsection.1.8.1}% 170
\BOOKMARK [3][-]{subsubsection.1.8.1.2}{\376\377\000i\000i\000\040\000N\000o\000n\000-\000c\000a\000u\000s\000a\000l\000\040\000c\000o\000n\000t\000i\000n\000u\000o\000u\000s\000-\000t\000i\000m\000e\000\040\000l\000i\000n\000e\000a\000r\000\040\000t\000i\000m\000e\000-\000i\000n\000v\000a\000r\000i\000a\000n\000t\000\040\000\050\000L\000T\000I\000\051\000\040\000s\000y\000s\000t\000e\000m}{subsection.1.8.1}% 171
\BOOKMARK [3][-]{subsubsection.1.8.1.3}{\376\377\000i\000i\000i\000\040\000A\000s\000y\000m\000p\000t\000o\000t\000i\000c\000a\000l\000l\000y\000\040\000s\000t\000a\000b\000l\000e\000\040\000o\000r\000\040\000b\000o\000u\000n\000d\000e\000d\000-\000i\000n\000p\000u\000t\000\040\000b\000o\000u\000n\000d\000e\000d\000-\000o\000u\000t\000p\000u\000t\000\040\000\050\000B\000I\000B\000O\000\051\000\040\000s\000t\000a\000b\000l\000e}{subsection.1.8.1}% 172
\BOOKMARK [3][-]{subsubsection.1.8.1.4}{\376\377\000i\000v\000\040\000\050\000L\000y\000a\000p\000u\000n\000o\000v\000\051\000\040\000s\000t\000a\000b\000l\000e}{subsection.1.8.1}% 173
\BOOKMARK [3][-]{subsubsection.1.8.1.5}{\376\377\000v\000\040\000M\000a\000r\000g\000i\000n\000a\000l\000l\000y\000\040\000s\000t\000a\000b\000l\000e}{subsection.1.8.1}% 174
\BOOKMARK [3][-]{subsubsection.1.8.1.6}{\376\377\000v\000i\000\040\000U\000n\000s\000t\000a\000b\000l\000e}{subsection.1.8.1}% 175
\BOOKMARK [3][-]{subsubsection.1.8.1.7}{\376\377\000v\000i\000i\000\040\000T\000r\000a\000n\000s\000i\000e\000n\000t\000\040\000r\000e\000s\000p\000o\000n\000s\000e}{subsection.1.8.1}% 176
\BOOKMARK [3][-]{subsubsection.1.8.1.8}{\376\377\000v\000i\000i\000i\000\040\000T\000i\000m\000e\000\040\000c\000o\000n\000s\000t\000a\000n\000t}{subsection.1.8.1}% 177
\BOOKMARK [3][-]{subsubsection.1.8.1.9}{\376\377\000i\000x\000\040\000F\000r\000e\000q\000u\000e\000n\000c\000y\000\040\000r\000e\000s\000p\000o\000n\000s\000e}{subsection.1.8.1}% 178
\BOOKMARK [3][-]{subsubsection.1.8.1.10}{\376\377\000x\000\040\000L\000o\000w\000-\000p\000a\000s\000s\000\040\000\050\117\116\220\032\000\051\000\040\000\050\000L\000P\000\051\000,\000\040\000h\000i\000g\000h\000-\000c\000u\000t\000,\000\040\000o\000r\000\040\000b\000a\000s\000s\000-\000c\000u\000t\000\040\000f\000i\000l\000t\000e\000r\000\040\000\050\000L\000P\000F\000\051}{subsection.1.8.1}% 179
\BOOKMARK [3][-]{subsubsection.1.8.1.11}{\376\377\000x\000i\000\040\000H\000i\000g\000h\000-\000p\000a\000s\000s\000\040\000\050\232\330\220\032\000\051\000\040\000\050\000H\000P\000\051\000,\000\040\000l\000o\000w\000-\000c\000u\000t\000,\000\040\000o\000r\000\040\000t\000r\000e\000b\000l\000e\000-\000c\000u\000t\000\040\000f\000i\000l\000t\000e\000r\000\040\000\050\000H\000P\000F\000\051}{subsection.1.8.1}% 180
\BOOKMARK [3][-]{subsubsection.1.8.1.12}{\376\377\000x\000i\000i\000\040\000B\000a\000n\000d\000-\000p\000a\000s\000s\000\040\000\050\000B\000P\000\051\000\040\000f\000i\000l\000t\000e\000r\000\040\000\050\000B\000P\000F\000\051}{subsection.1.8.1}% 181
\BOOKMARK [3][-]{subsubsection.1.8.1.13}{\376\377\000x\000i\000i\000i\000\040\000P\000o\000l\000e\040\023\000z\000e\000r\000o\000\040\000p\000l\000o\000t\000\040\000o\000r\000\040\000p\000o\000l\000e\040\023\000z\000e\000r\000o\000\040\000c\000o\000n\000s\000t\000e\000l\000l\000a\000t\000i\000o\000n}{subsection.1.8.1}% 182
