\BOOKMARK [0][-]{chapter.1}{\376\377\000C\000h\000a\000p\000t\000e\000r\000\040\0001\000\040\000O\000r\000d\000i\000n\000a\000r\000y\000\040\000D\000i\000f\000f\000e\000r\000e\000n\000t\000i\000a\000l\000\040\000E\000q\000u\000a\000t\000i\000o\000n\000s\000\040\000\050\136\070\137\256\122\006\145\271\172\013\000\051\000,\000\040\000D\000y\000n\000a\000m\000i\000c\000a\000l\000\040\000S\000y\000s\000t\000e\000m\000s\000\040\000\050\122\325\141\113\174\373\175\161\000\040\000o\000r\000\040\122\325\122\233\174\373\175\161\000\051\000,\000\040\000a\000n\000d\000\040\000C\000o\000n\000t\000r\000o\000l\000\040\000T\000h\000e\000o\000r\000y\000\040\000\050\143\247\122\066\164\006\212\326\000\051}{}% 1
\BOOKMARK [1][-]{section.1.1}{\376\377\0001\000\040\000O\000r\000d\000i\000n\000a\000r\000y\000\040\000D\000i\000f\000f\000e\000r\000e\000n\000t\000i\000a\000l\000\040\000E\000q\000u\000a\000t\000i\000o\000n\000s}{chapter.1}% 2
\BOOKMARK [2][-]{subsection.1.1.1}{\376\377\000I\000\040\000D\000e\000f\000i\000n\000i\000t\000i\000o\000n\000s}{section.1.1}% 3
\BOOKMARK [3][-]{subsubsection.1.1.1.1}{\376\377\000i\000\040\000N\000o\000r\000m\000a\000l\000\040\000f\000o\000r\000m}{subsection.1.1.1}% 4
\BOOKMARK [3][-]{subsubsection.1.1.1.2}{\376\377\000i\000i\000\040\000S\000y\000s\000t\000e\000m\000\040\000o\000f\000\040\000O\000D\000E\000s\000\040\000\050\136\070\137\256\122\006\145\271\172\013\175\104\000\051}{subsection.1.1.1}% 5
\BOOKMARK [3][-]{subsubsection.1.1.1.3}{\376\377\000i\000i\000i\000\040\000I\000n\000i\000t\000i\000a\000l\000-\000v\000a\000l\000u\000e\000\040\000p\000r\000o\000b\000l\000e\000m\000\040\000\050\000I\000V\000P\000\051\000\040\000\050\122\035\120\074\125\117\230\114\000\051}{subsection.1.1.1}% 6
\BOOKMARK [3][-]{subsubsection.1.1.1.4}{\376\377\000i\000v\000\040\000B\000o\000u\000n\000d\000a\000r\000y\000-\000v\000a\000l\000u\000e\000\040\000p\000r\000o\000b\000l\000e\000m\000\040\000\050\000B\000V\000P\000\051\000\040\000\050\220\212\120\074\125\117\230\114\000\051}{subsection.1.1.1}% 7
\BOOKMARK [2][-]{subsection.1.1.2}{\376\377\000I\000I\000\040\000S\000o\000l\000u\000t\000i\000o\000n\000s\000\040\000o\000f\000\040\000O\000D\000E\000s}{section.1.1}% 8
\BOOKMARK [3][-]{subsubsection.1.1.2.1}{\376\377\000i\000\040\000S\000o\000l\000u\000t\000i\000o\000n\000\040\000o\000r\000\040\000f\000l\000o\000w\000\040\000o\000f\000\040\000a\000n\000\040\000O\000D\000E}{subsection.1.1.2}% 9
\BOOKMARK [3][-]{subsubsection.1.1.2.2}{\376\377\000i\000i\000\040\000S\000o\000l\000u\000t\000i\000o\000n\000\040\000c\000u\000r\000v\000e\000\040\000o\000r\000\040\000t\000r\000a\000j\000e\000c\000t\000o\000r\000y}{subsection.1.1.2}% 10
\BOOKMARK [3][-]{subsubsection.1.1.2.3}{\376\377\000i\000i\000i\000\040\000E\000x\000p\000l\000i\000c\000i\000t\000\040\000s\000o\000l\000u\000t\000i\000o\000n}{subsection.1.1.2}% 11
\BOOKMARK [3][-]{subsubsection.1.1.2.4}{\376\377\000i\000v\000\040\000I\000m\000p\000l\000i\000c\000i\000t\000\040\000s\000o\000l\000u\000t\000i\000o\000n}{subsection.1.1.2}% 12
\BOOKMARK [3][-]{subsubsection.1.1.2.5}{\376\377\000v\000\040\000P\000a\000r\000a\000m\000e\000t\000r\000i\000c\000\040\000f\000a\000m\000i\000l\000y\000\040\000o\000r\000\040\000p\000a\000r\000a\000m\000e\000t\000e\000r\000i\000z\000e\000d\000\040\000f\000a\000m\000i\000l\000y}{subsection.1.1.2}% 13
\BOOKMARK [3][-]{subsubsection.1.1.2.6}{\376\377\000v\000i\000\040\000D\000e\000g\000r\000e\000e\000s\000\040\000o\000f\000\040\000f\000r\000e\000e\000d\000o\000m}{subsection.1.1.2}% 14
\BOOKMARK [3][-]{subsubsection.1.1.2.7}{\376\377\000v\000i\000i\000\040\000P\000a\000r\000a\000m\000e\000t\000r\000i\000c\000\040\000f\000a\000m\000i\000l\000y\000\040\000o\000f\000\040\000s\000o\000l\000u\000t\000i\000o\000n\000s}{subsection.1.1.2}% 15
\BOOKMARK [3][-]{subsubsection.1.1.2.8}{\376\377\000v\000i\000i\000i\000\040\000G\000e\000n\000e\000r\000a\000l\000\040\000s\000o\000l\000u\000t\000i\000o\000n\000\040\000\050\220\032\211\343\000\051}{subsection.1.1.2}% 16
\BOOKMARK [3][-]{subsubsection.1.1.2.9}{\376\377\000i\000x\000\040\000P\000a\000r\000t\000i\000c\000u\000l\000a\000r\000\040\000s\000o\000l\000u\000t\000i\000o\000n\000\040\000\050\162\171\211\343\000\051}{subsection.1.1.2}% 17
\BOOKMARK [3][-]{subsubsection.1.1.2.10}{\376\377\000x\000\040\000S\000i\000n\000g\000u\000l\000a\000r\000\040\000s\000o\000l\000u\000t\000i\000o\000n\000\040\000\050\131\107\165\160\211\343\000\051}{subsection.1.1.2}% 18
\BOOKMARK [3][-]{subsubsection.1.1.2.11}{\376\377\000x\000i\000\040\000S\000o\000l\000u\000t\000i\000o\000n\000s\000\040\000b\000y\000\040\000s\000u\000b\000s\000t\000i\000t\000u\000t\000i\000o\000n\000s\000\040\000o\000r\000\040\000s\000o\000l\000u\000t\000i\000o\000n\000s\000\040\000b\000y\000\040\000c\000h\000a\000n\000g\000e\000\040\000o\000f\000\040\000v\000a\000r\000i\000a\000b\000l\000e\000s}{subsection.1.1.2}% 19
\BOOKMARK [3][-]{subsubsection.1.1.2.12}{\376\377\000x\000i\000i\000\040\000S\000o\000l\000u\000t\000i\000o\000n\000\040\000o\000f\000\040\000S\000y\000s\000t\000e\000m\000\040\000o\000f\000\040\000O\000D\000E\000s}{subsection.1.1.2}% 20
\BOOKMARK [3][-]{subsubsection.1.1.2.13}{\376\377\000x\000i\000i\000i\000\040\000O\000r\000t\000h\000o\000g\000o\000n\000a\000l\000\040\000t\000r\000a\000j\000e\000c\000t\000o\000r\000y\000\040\000a\000n\000d\000\040\000i\000s\000o\000g\000o\000n\000a\000l\000\040\000t\000r\000a\000j\000e\000c\000t\000o\000r\000y}{subsection.1.1.2}% 21
\BOOKMARK [2][-]{subsection.1.1.3}{\376\377\000I\000I\000I\000\040\000C\000o\000n\000v\000e\000r\000s\000i\000o\000n\000\040\000o\000f\000\040\000o\000r\000d\000e\000r\000\040\000t\000o\000\040\000v\000a\000r\000i\000a\000b\000l\000e}{section.1.1}% 22
\BOOKMARK [1][-]{section.1.2}{\376\377\0002\000\040\000F\000i\000r\000s\000t\000-\000o\000r\000d\000e\000r\000\040\000O\000D\000E}{chapter.1}% 23
\BOOKMARK [2][-]{subsection.1.2.1}{\376\377\000I\000\040\000D\000i\000f\000f\000e\000r\000e\000n\000t\000i\000a\000l\000\040\000f\000o\000r\000m}{section.1.2}% 24
\BOOKMARK [2][-]{subsection.1.2.2}{\376\377\000I\000I\000\040\000S\000l\000o\000p\000e}{section.1.2}% 25
\BOOKMARK [3][-]{subsubsection.1.2.2.1}{\376\377\000i\000\040\000S\000l\000o\000p\000e\000\040\000f\000u\000n\000c\000t\000i\000o\000n\000\040\000o\000r\000\040\000r\000a\000t\000e\000\040\000f\000u\000n\000c\000t\000i\000o\000n}{subsection.1.2.2}% 26
\BOOKMARK [3][-]{subsubsection.1.2.2.2}{\376\377\000i\000i\000\040\000D\000i\000r\000e\000c\000t\000i\000o\000n\000\040\000f\000i\000e\000l\000d\000\040\000o\000r\000\040\000s\000l\000o\000p\000e\000\040\000f\000i\000e\000l\000d\000\040\000\050\145\234\163\207\130\064\000\051}{subsection.1.2.2}% 27
\BOOKMARK [3][-]{subsubsection.1.2.2.3}{\376\377\000i\000i\000i\000\040\000I\000s\000o\000c\000l\000i\000n\000e}{subsection.1.2.2}% 28
\BOOKMARK [2][-]{subsection.1.2.3}{\376\377\000I\000I\000I\000\040\000A\000u\000t\000o\000n\000o\000m\000o\000u\000s\000\040\000S\000y\000s\000t\000e\000m}{section.1.2}% 29
\BOOKMARK [3][-]{subsubsection.1.2.3.1}{\376\377\000i\000\040\000A\000u\000t\000o\000n\000o\000m\000o\000u\000s\000\040\000s\000y\000s\000t\000e\000m\000\040\000\050\201\352\154\273\174\373\175\161\000\051}{subsection.1.2.3}% 30
\BOOKMARK [3][-]{subsubsection.1.2.3.2}{\376\377\000i\000i\000\040\000C\000r\000i\000t\000i\000c\000a\000l\000\040\000p\000o\000i\000n\000t\000\040\000\050\201\350\165\114\236\336\000\051\000,\000\040\000e\000q\000u\000i\000l\000i\000b\000r\000i\000u\000m\000,\000\040\000e\000q\000u\000i\000l\000i\000b\000r\000i\000u\000m\000\040\000p\000o\000i\000n\000t\000\040\000\050\136\163\210\141\236\336\000\051\000,\000\040\000o\000r\000\040\000s\000t\000a\000t\000i\000o\000n\000a\000r\000y\000\040\000p\000o\000i\000n\000t\000\040\000\050\231\320\236\336\000\051\000\040\000o\000f\000\040\000a\000u\000t\000o\000n\000o\000m\000o\000u\000s\000\040\000s\000y\000s\000t\000e\000m\000s\000\040\000o\000f\000\040\000O\000D\000E\000s}{subsection.1.2.3}% 31
\BOOKMARK [3][-]{subsubsection.1.2.3.3}{\376\377\000i\000i\000i\000\040\000T\000r\000a\000n\000s\000l\000a\000t\000i\000o\000n\000\040\000p\000r\000o\000p\000e\000r\000t\000y\000\040\000o\000r\000\040\000s\000h\000i\000f\000t\000\040\000p\000r\000o\000p\000e\000r\000t\000y\000\040\000o\000f\000\040\000s\000o\000l\000u\000t\000i\000o\000n\000s\000\040\000o\000f\000\040\000a\000u\000t\000o\000n\000o\000m\000o\000u\000s\000\040\000s\000y\000s\000t\000e\000m\000s\000\040\000o\000f\000\040\000O\000D\000E\000s}{subsection.1.2.3}% 32
\BOOKMARK [2][-]{subsection.1.2.4}{\376\377\000I\000V\000\040\000O\000r\000t\000h\000o\000g\000o\000n\000a\000l\000\040\000t\000r\000a\000j\000e\000c\000t\000o\000r\000i\000e\000s}{section.1.2}% 33
\BOOKMARK [2][-]{subsection.1.2.5}{\376\377\000V\000\040\000S\000e\000p\000a\000r\000a\000b\000l\000e\000\040\000e\000q\000u\000a\000t\000i\000o\000n}{section.1.2}% 34
\BOOKMARK [3][-]{subsubsection.1.2.5.1}{\376\377\000i\000\040\000D\000e\000f\000i\000n\000i\000t\000i\000o\000n}{subsection.1.2.5}% 35
\BOOKMARK [3][-]{subsubsection.1.2.5.2}{\376\377\000i\000i\000\040\000S\000o\000l\000u\000t\000i\000o\000n\000s\000\040\000b\000y\000\040\000d\000i\000r\000e\000c\000t\000\040\000i\000n\000t\000e\000g\000r\000a\000t\000i\000o\000n}{subsection.1.2.5}% 36
\BOOKMARK [3][-]{subsubsection.1.2.5.3}{\376\377\000i\000i\000i\000\040\000E\000x\000a\000m\000p\000l\000e\000:\000\040\000l\000a\000w\000\040\000o\000f\000\040\000n\000a\000t\000u\000r\000a\000l\000\040\000g\000r\000o\000w\000t\000h}{subsection.1.2.5}% 37
\BOOKMARK [3][-]{subsubsection.1.2.5.4}{\376\377\000i\000v\000\040\000E\000x\000a\000m\000p\000l\000e\000:\000\040\000l\000o\000g\000i\000s\000t\000i\000c\000\040\000d\000i\000f\000f\000e\000r\000e\000n\000t\000i\000a\000l\000\040\000e\000q\000u\000a\000t\000i\000o\000n}{subsection.1.2.5}% 38
\BOOKMARK [3][-]{subsubsection.1.2.5.5}{\376\377\000v\000\040\000E\000x\000a\000m\000p\000l\000e\000:\000\040\000L\000o\000t\000k\000a\040\023\000V\000o\000l\000t\000e\000r\000r\000a\000\040\000e\000q\000u\000a\000t\000i\000o\000n\000s\000\040\000o\000r\000\040\000p\000r\000e\000d\000a\000t\000o\000r\040\023\000p\000r\000e\000y\000\040\000e\000q\000u\000a\000t\000i\000o\000n\000s}{subsection.1.2.5}% 39
\BOOKMARK [2][-]{subsection.1.2.6}{\376\377\000V\000I\000\040\000L\000i\000n\000e\000a\000r\000\040\000e\000q\000u\000a\000t\000i\000o\000n}{section.1.2}% 40
\BOOKMARK [3][-]{subsubsection.1.2.6.1}{\376\377\000i\000\040\000D\000e\000f\000i\000n\000i\000t\000i\000o\000n}{subsection.1.2.6}% 41
\BOOKMARK [3][-]{subsubsection.1.2.6.2}{\376\377\000i\000i\000\040\000S\000o\000l\000u\000t\000i\000o\000n\000s\000\040\000b\000y\000\040\000i\000n\000t\000e\000g\000r\000a\000t\000i\000n\000g\000\040\000f\000a\000c\000t\000o\000r}{subsection.1.2.6}% 42
\BOOKMARK [3][-]{subsubsection.1.2.6.3}{\376\377\000i\000i\000i\000\040\000R\000e\000m\000a\000r\000k\000s}{subsection.1.2.6}% 43
\BOOKMARK [3][-]{subsubsection.1.2.6.4}{\376\377\000i\000v\000\040\000E\000x\000a\000m\000p\000l\000e\000:\000\040\000c\000o\000n\000s\000t\000a\000n\000t\000\040\000v\000o\000l\000t\000a\000g\000e\000\040\000s\000e\000r\000i\000e\000s\000\040\000R\000L\000\040\000f\000i\000l\000t\000e\000r\000\040\000c\000i\000r\000c\000u\000i\000t}{subsection.1.2.6}% 44
\BOOKMARK [3][-]{subsubsection.1.2.6.5}{\376\377\000v\000\040\000E\000x\000a\000m\000p\000l\000e\000:\000\040\000c\000o\000n\000s\000t\000a\000n\000t\000\040\000c\000u\000r\000r\000e\000n\000t\000\040\000p\000a\000r\000a\000l\000l\000e\000l\000\040\000R\000C\000\040\000f\000i\000l\000t\000e\000r\000\040\000c\000i\000r\000c\000u\000i\000t}{subsection.1.2.6}% 45
\BOOKMARK [3][-]{subsubsection.1.2.6.6}{\376\377\000v\000i\000\040\000E\000x\000a\000m\000p\000l\000e\000:\000\040\000F\000a\000l\000l\000i\000n\000g\000\040\000w\000i\000t\000h\000\040\000d\000r\000a\000g\000\040\000f\000o\000r\000c\000e\000\040\000c\000o\000m\000p\000l\000y\000i\000n\000g\000\040\000w\000i\000t\000h\000\040\000S\000t\000o\000k\000e\000s\000'\000\040\000l\000a\000w}{subsection.1.2.6}% 46
\BOOKMARK [2][-]{subsection.1.2.7}{\376\377\000V\000I\000I\000\040\000E\000x\000a\000c\000t\000\040\000e\000q\000u\000a\000t\000i\000o\000n}{section.1.2}% 47
\BOOKMARK [3][-]{subsubsection.1.2.7.1}{\376\377\000i\000\040\000D\000e\000f\000i\000n\000i\000t\000i\000o\000n}{subsection.1.2.7}% 48
\BOOKMARK [3][-]{subsubsection.1.2.7.2}{\376\377\000i\000i\000\040\000S\000o\000l\000u\000t\000i\000o\000n\000s\000\040\000b\000y\000\040\000i\000n\000t\000e\000g\000r\000a\000t\000i\000o\000n\000\040\000a\000n\000d\000\040\000t\000h\000e\000n\000\040\000d\000i\000f\000f\000e\000r\000e\000n\000t\000i\000a\000t\000i\000o\000n\000\040\000w\000i\000t\000h\000\040\000r\000e\000s\000p\000e\000c\000t\000\040\000t\000o\000\040\000d\000i\000f\000f\000e\000r\000e\000n\000t\000\040\000v\000a\000r\000i\000a\000b\000l\000e\000s}{subsection.1.2.7}% 49
\BOOKMARK [3][-]{subsubsection.1.2.7.3}{\376\377\000i\000i\000i\000\040\000E\000x\000a\000m\000p\000l\000e\000:\000\040\000\050\0004\000x\0003\000+\0003\000y\0002\000+\000\050\000x\000\051\000\051\000x\000+\000\050\0006\000x\000y\000+\0002\000\051\000y\000=\0000}{subsection.1.2.7}% 50
\BOOKMARK [2][-]{subsection.1.2.8}{\376\377\000V\000I\000I\000I\000\040\000I\000n\000t\000e\000g\000r\000a\000t\000i\000o\000n\000\040\000f\000a\000c\000t\000o\000r\000s\000\040\000t\000o\000\040\000m\000a\000k\000e\000\040\000i\000n\000e\000x\000a\000c\000t\000\040\000e\000q\000u\000a\000t\000i\000o\000n\000s\000\040\000e\000x\000a\000c\000t}{section.1.2}% 51
\BOOKMARK [3][-]{subsubsection.1.2.8.1}{\376\377\000i\000\040\000G\000e\000n\000e\000r\000a\000l\000\040\000c\000a\000s\000e}{subsection.1.2.8}% 52
\BOOKMARK [3][-]{subsubsection.1.2.8.2}{\376\377\000i\000i\000\040\000S\000e\000p\000a\000r\000a\000b\000l\000e\000\040\000c\000a\000s\000e}{subsection.1.2.8}% 53
\BOOKMARK [2][-]{subsection.1.2.9}{\376\377\000I\000X\000\040\000E\000x\000a\000m\000p\000l\000e\000:\000\040\000\050\0005\000x\000y\000+\0004\000y\0002\000+\0001\000\051\000x\000+\000\050\000x\0002\000+\0002\000x\000y\000\051\000y\000=\0000}{section.1.2}% 54
\BOOKMARK [3][-]{subsubsection.1.2.9.1}{\376\377\000i\000\040\000E\000x\000a\000m\000p\000l\000e\000:\000\040\000\050\0002\000x\000y\000+\000y\000\051\000x\000+\000x\0002\000y\000=\0000}{subsection.1.2.9}% 55
\BOOKMARK [2][-]{subsection.1.2.10}{\376\377\000X\000\040\000H\000o\000m\000o\000g\000e\000n\000e\000o\000u\000s\000\040\000e\000q\000u\000a\000t\000i\000o\000n}{section.1.2}% 56
\BOOKMARK [3][-]{subsubsection.1.2.10.1}{\376\377\000i\000\040\000D\000e\000f\000i\000n\000i\000t\000i\000o\000n}{subsection.1.2.10}% 57
\BOOKMARK [3][-]{subsubsection.1.2.10.2}{\376\377\000i\000i\000\040\000S\000o\000l\000u\000t\000i\000o\000n\000s\000\040\000b\000y\000\040\000s\000u\000b\000s\000t\000i\000t\000u\000t\000i\000o\000n\000s}{subsection.1.2.10}% 58
\BOOKMARK [3][-]{subsubsection.1.2.10.3}{\376\377\000i\000i\000i\000\040\000E\000x\000a\000m\000p\000l\000e\000:\000\040\000\050\000x\0002\000+\000y\0002\000\051\000x\000-\0002\000x\000y\000y\000=\0000}{subsection.1.2.10}% 59
\BOOKMARK [3][-]{subsubsection.1.2.10.4}{\376\377\000i\000v\000\040\000E\000x\000a\000m\000p\000l\000e\000:\000\040\000\050\000x\0002\000+\000y\0002\000\051\000x\000+\000y\0002\000y\000=\0000}{subsection.1.2.10}% 60
\BOOKMARK [2][-]{subsection.1.2.11}{\376\377\000X\000I\000\040\000B\000e\000r\000n\000o\000u\000l\000l\000i\000\040\000e\000q\000u\000a\000t\000i\000o\000n}{section.1.2}% 61
\BOOKMARK [3][-]{subsubsection.1.2.11.1}{\376\377\000i\000\040\000D\000e\000f\000i\000n\000i\000t\000i\000o\000n}{subsection.1.2.11}% 62
\BOOKMARK [3][-]{subsubsection.1.2.11.2}{\376\377\000i\000i\000\040\000S\000o\000l\000u\000t\000i\000o\000n\000s\000\040\000b\000y\000\040\000s\000u\000b\000s\000t\000i\000t\000u\000t\000i\000o\000n\000s}{subsection.1.2.11}% 63
\BOOKMARK [3][-]{subsubsection.1.2.11.3}{\376\377\000i\000i\000i\000\040\000E\000x\000a\000m\000p\000l\000e\000:\000\040\000y\000x\000+\000\050\000x\000\051\000y\000=\000\050\0002\000x\000\051\000y\0003\000/\0002}{subsection.1.2.11}% 64
\BOOKMARK [2][-]{subsection.1.2.12}{\376\377\000X\000I\000I\000\040\000S\000l\000o\000p\000e\000\040\000b\000e\000i\000n\000g\000\040\000f\000u\000n\000c\000t\000i\000o\000n\000\040\000o\000f\000\040\000l\000i\000n\000e\000a\000r\000\040\000f\000u\000n\000c\000t\000i\000o\000n}{section.1.2}% 65
\BOOKMARK [2][-]{subsection.1.2.13}{\376\377\000X\000I\0