\BOOKMARK [1][-]{section.1}{\376\377\0001\000\040\000E\000l\000e\000c\000t\000r\000i\000c\000a\000l\000\040\000C\000i\000r\000c\000u\000i\000t}{}% 1
\BOOKMARK [2][-]{subsection.1.1}{\376\377\000I\000\040\000I\000n\000t\000r\000o\000d\000u\000c\000t\000i\000o\000n}{section.1}% 2
\BOOKMARK [3][-]{subsubsection.1.1.1}{\376\377\000i\000\040\000C\000o\000n\000v\000e\000n\000t\000i\000o\000n}{subsection.1.1}% 3
\BOOKMARK [3][-]{subsubsection.1.1.2}{\376\377\000i\000i\000\040\000C\000u\000r\000r\000e\000n\000t}{subsection.1.1}% 4
\BOOKMARK [3][-]{subsubsection.1.1.3}{\376\377\000i\000i\000i\000\040\000V\000o\000l\000t\000a\000g\000e}{subsection.1.1}% 5
\BOOKMARK [3][-]{subsubsection.1.1.4}{\376\377\000i\000v\000\040\000E\000l\000e\000c\000t\000r\000i\000c\000a\000l\000\040\000n\000e\000t\000w\000o\000r\000k}{subsection.1.1}% 6
\BOOKMARK [3][-]{subsubsection.1.1.5}{\376\377\000v\000\040\000E\000l\000e\000c\000t\000r\000i\000c\000a\000l\000\040\000e\000l\000e\000m\000e\000n\000t}{subsection.1.1}% 7
\BOOKMARK [3][-]{subsubsection.1.1.6}{\376\377\000v\000i\000\040\000A\000v\000e\000r\000a\000g\000e\000\040\000a\000s\000\040\000C\000e\000s\000\340\000r\000o\000\040\000m\000e\000a\000n}{subsection.1.1}% 8
\BOOKMARK [3][-]{subsubsection.1.1.7}{\376\377\000v\000i\000i\000\040\000A\000c\000t\000i\000v\000e\000\040\000e\000l\000e\000m\000e\000n\000t}{subsection.1.1}% 9
\BOOKMARK [3][-]{subsubsection.1.1.8}{\376\377\000v\000i\000i\000i\000\040\000P\000a\000s\000s\000i\000v\000e\000\040\000e\000l\000e\000m\000e\000n\000t}{subsection.1.1}% 10
\BOOKMARK [3][-]{subsubsection.1.1.9}{\376\377\000i\000x\000\040\000L\000u\000m\000p\000e\000d\000-\000e\000l\000e\000m\000e\000n\000t\000\040\000m\000o\000d\000e\000l\000,\000\040\000l\000u\000m\000p\000e\000d\000-\000p\000a\000r\000a\000m\000e\000t\000e\000r\000\040\000m\000o\000d\000e\000l\000,\000\040\000o\000r\000\040\000l\000u\000m\000p\000e\000d\000-\000c\000o\000m\000p\000o\000n\000e\000n\000t\000\040\000m\000o\000d\000e\000l}{subsection.1.1}% 11
\BOOKMARK [3][-]{subsubsection.1.1.10}{\376\377\000x\000\040\000T\000i\000m\000e\000-\000i\000n\000v\000a\000r\000i\000a\000n\000t\000\040\000n\000e\000t\000w\000o\000r\000k}{subsection.1.1}% 12
\BOOKMARK [3][-]{subsubsection.1.1.11}{\376\377\000x\000i\000\040\000C\000i\000r\000c\000u\000i\000t\000\040\000e\000l\000e\000m\000e\000n\000t}{subsection.1.1}% 13
\BOOKMARK [3][-]{subsubsection.1.1.12}{\376\377\000x\000i\000i\000\040\000D\000i\000r\000e\000c\000t\000\040\000c\000u\000r\000r\000e\000n\000t\000\040\000\050\000D\000C\000\051}{subsection.1.1}% 14
\BOOKMARK [3][-]{subsubsection.1.1.13}{\376\377\000x\000i\000i\000i\000\040\000E\000f\000f\000e\000c\000t\000i\000v\000e\000\040\000v\000a\000l\000u\000e\000\040\000o\000r\000\040\000r\000o\000o\000t\000\040\000m\000e\000a\000n\000\040\000s\000q\000u\000a\000r\000e\000\040\000\050\000R\000M\000S\000\051}{subsection.1.1}% 15
\BOOKMARK [3][-]{subsubsection.1.1.14}{\376\377\000x\000i\000v\000\040\000S\000t\000e\000a\000d\000y\000-\000s\000t\000a\000t\000e\000\040\000s\000i\000n\000u\000s\000o\000i\000d\000a\000l\000\040\000a\000l\000t\000e\000r\000n\000a\000t\000i\000n\000g\000\040\000c\000u\000r\000r\000e\000n\000t\000\040\000\050\000A\000C\000\051\000\040\000a\000n\000d\000\040\000p\000h\000a\000s\000o\000r\000\040\000d\000o\000m\000a\000i\000n}{subsection.1.1}% 16
\BOOKMARK [3][-]{subsubsection.1.1.15}{\376\377\000x\000v\000\040\000G\000e\000n\000e\000r\000a\000l\000\040\000c\000u\000r\000r\000e\000n\000t\000\040\000a\000n\000d\000\040\000L\000a\000p\000l\000a\000c\000e\000\040\000d\000o\000m\000a\000i\000n}{subsection.1.1}% 17
\BOOKMARK [3][-]{subsubsection.1.1.16}{\376\377\000x\000v\000i\000\040\000R\000e\000s\000i\000s\000t\000a\000n\000c\000e\000\040\000a\000n\000d\000\040\000r\000e\000s\000i\000s\000t\000o\000r}{subsection.1.1}% 18
\BOOKMARK [3][-]{subsubsection.1.1.17}{\376\377\000x\000v\000i\000i\000\040\000C\000a\000p\000a\000c\000i\000t\000a\000n\000c\000e\000\040\000a\000n\000d\000\040\000c\000a\000p\000a\000c\000i\000t\000o\000r}{subsection.1.1}% 19
\BOOKMARK [3][-]{subsubsection.1.1.18}{\376\377\000x\000v\000i\000i\000i\000\040\000I\000n\000d\000u\000c\000t\000a\000n\000c\000e\000\040\000a\000n\000d\000\040\000i\000n\000d\000u\000c\000t\000o\000r}{subsection.1.1}% 20
\BOOKMARK [3][-]{subsubsection.1.1.19}{\376\377\000x\000i\000x\000\040\000R\000e\000s\000i\000s\000t\000i\000v\000e\000\040\000e\000l\000e\000m\000e\000n\000t}{subsection.1.1}% 21
\BOOKMARK [3][-]{subsubsection.1.1.20}{\376\377\000x\000x\000\040\000R\000e\000a\000c\000t\000i\000v\000e\000\040\000e\000l\000e\000m\000e\000n\000t}{subsection.1.1}% 22
\BOOKMARK [3][-]{subsubsection.1.1.21}{\376\377\000x\000x\000i\000\040\000P\000u\000r\000e\000l\000y\000\040\000r\000e\000s\000i\000s\000t\000i\000v\000e\000\040\000e\000l\000e\000m\000e\000n\000t}{subsection.1.1}% 23
\BOOKMARK [3][-]{subsubsection.1.1.22}{\376\377\000x\000x\000i\000i\000\040\000P\000u\000r\000e\000l\000y\000\040\000r\000e\000a\000c\000t\000i\000v\000e\000\040\000e\000l\000e\000m\000e\000n\000t}{subsection.1.1}% 24
\BOOKMARK [3][-]{subsubsection.1.1.23}{\376\377\000x\000x\000i\000i\000i\000\040\000R\000e\000a\000c\000t\000a\000n\000c\000e\000\040\000\050\000p\000h\000a\000s\000o\000r\000\040\000d\000o\000m\000a\000i\000n\000\051}{subsection.1.1}% 25
\BOOKMARK [3][-]{subsubsection.1.1.24}{\376\377\000x\000x\000i\000v\000\040\000I\000m\000p\000e\000d\000a\000n\000c\000e\000\040\000\050\000p\000h\000a\000s\000o\000r\000\040\000d\000o\000m\000a\000i\000n\000\051}{subsection.1.1}% 26
\BOOKMARK [3][-]{subsubsection.1.1.25}{\376\377\000x\000x\000v\000\040\000I\000m\000p\000e\000d\000a\000n\000c\000e\000\040\000\050\000L\000a\000p\000l\000a\000c\000e\000\040\000d\000o\000m\000a\000i\000n\000\051}{subsection.1.1}% 27
\BOOKMARK [3][-]{subsubsection.1.1.26}{\376\377\000x\000x\000v\000i\000\040\000A\000d\000m\000i\000t\000t\000a\000n\000c\000e\000\040\000\050\000p\000h\000a\000s\000o\000r\000\040\000d\000o\000m\000a\000i\000n\000\051}{subsection.1.1}% 28
\BOOKMARK [3][-]{subsubsection.1.1.27}{\376\377\000x\000x\000v\000i\000i\000\040\000A\000d\000m\000i\000t\000t\000a\000n\000c\000e\000\040\000\050\000L\000a\000p\000l\000a\000c\000e\000\040\000d\000o\000m\000a\000i\000n\000\051}{subsection.1.1}% 29
\BOOKMARK [3][-]{subsubsection.1.1.28}{\376\377\000x\000x\000v\000i\000i\000i\000\040\000C\000o\000n\000d\000u\000c\000t\000a\000n\000c\000e\000\040\000\050\000p\000h\000a\000s\000o\000r\000\040\000d\000o\000m\000a\000i\000n\000\051}{subsection.1.1}% 30
\BOOKMARK [3][-]{subsubsection.1.1.29}{\376\377\000x\000x\000i\000x\000\040\000S\000u\000s\000c\000e\000p\000t\000a\000n\000c\000e\000\040\000\050\000p\000h\000a\000s\000o\000r\000\040\000d\000o\000m\000a\000i\000n\000\051}{subsection.1.1}% 31
\BOOKMARK [3][-]{subsubsection.1.1.30}{\376\377\000x\000x\000x\000\040\000N\000o\000d\000e}{subsection.1.1}% 32
\BOOKMARK [3][-]{subsubsection.1.1.31}{\376\377\000x\000x\000x\000i\000\040\000S\000u\000p\000e\000r\000n\000o\000d\000e}{subsection.1.1}% 33
\BOOKMARK [3][-]{subsubsection.1.1.32}{\376\377\000x\000x\000x\000i\000i\000\040\000P\000o\000l\000e\000\040\000o\000r\000\040\000t\000e\000r\000m\000i\000n\000a\000l}{subsection.1.1}% 34
\BOOKMARK [3][-]{subsubsection.1.1.33}{\376\377\000x\000x\000x\000i\000i\000i\000\040\000P\000a\000t\000h}{subsection.1.1}% 35
\BOOKMARK [3][-]{subsubsection.1.1.34}{\376\377\000x\000x\000x\000i\000v\000\040\000B\000r\000a\000n\000c\000h}{subsection.1.1}% 36
\BOOKMARK [3][-]{subsubsection.1.1.35}{\376\377\000x\000x\000x\000v\000\040\000L\000o\000o\000p}{subsection.1.1}% 37
\BOOKMARK [3][-]{subsubsection.1.1.36}{\376\377\000x\000x\000x\000v\000i\000\040\000\050\000E\000s\000s\000e\000n\000t\000i\000a\000l\000\051\000\040\000m\000e\000s\000h}{subsection.1.1}% 38
\BOOKMARK [3][-]{subsubsection.1.1.37}{\376\377\000x\000x\000x\000v\000i\000i\000\040\000E\000l\000e\000c\000t\000r\000i\000c\000a\000l\000\040\000c\000i\000r\000c\000u\000i\000t\000\040\000o\000r\000\040\000c\000l\000o\000s\000e\000d\000\040\000c\000i\000r\000c\000u\000i\000t}{subsection.1.1}% 39
\BOOKMARK [3][-]{subsubsection.1.1.38}{\376\377\000x\000x\000x\000v\000i\000i\000i\000\040\000O\000p\000e\000n\000\040\000c\000i\000r\000c\000u\000i\000t\000\040\000\050\225\213\215\357\000\051}{subsection.1.1}% 40
\BOOKMARK [3][-]{subsubsection.1.1.39}{\376\377\000x\000x\000x\000i\000x\000\040\000S\000h\000o\000r\000t\000\040\000c\000i\000r\000c\000u\000i\000t\000\040\000\050\167\355\215\357\000\051}{subsection.1.1}% 41
\BOOKMARK [3][-]{subsubsection.1.1.40}{\376\377\000x\000l\000\040\000P\000o\000r\000t\000\040\000\050\127\340\000\051}{subsection.1.1}% 42
\BOOKMARK [3][-]{subsubsection.1.1.41}{\376\377\000x\000l\000i\000\040\000W\000i\000r\000e\000\040\000o\000r\000\040\000l\000e\000a\000d}{subsection.1.1}% 43
\BOOKMARK [3][-]{subsubsection.1.1.42}{\376\377\000x\000l\000i\000i\000\040\000K\000i\000r\000c\000h\000h\000o\000f\000f\000'\000s\000\040\000c\000u\000r\000r\000e\000n\000t\000\040\000l\000a\000w\000\040\000\050\000K\000C\000L\000\051\000,\000\040\000K\000i\000r\000c\000h\000h\000o\000f\000f\000'\000s\000\040\000f\000i\000r\000s\000t\000\040\000l\000a\000w\000,\000\040\000o\000r\000\040\000K\000i\000r\000c\000h\000h\000o\000f\000f\000'\000s\000\040\000j\000u\000n\000c\000t\000i\000o\000n\000\040\000r\000u\000l\000e}{subsection.1.1}% 44
\BOOKMARK [3][-]{subsubsection.1.1.43}{\376\377\000x\000l\000i\000i\000i\000\040\000K\000i\000r\000c\000h\000h\000o\000f\000f\000'\000s\000\040\000v\000o\000l\000t\000a\000g\000e\000\040\000l\000a\000w\000\040\000\050\000K\000V\000L\000\051\000,\000\040\000K\000i\000r\000c\000h\000h\000o\000f\000f\000'\000s\000\040\000s\000e\000c\000o\000n\000d\000\040\000l\000a\000w\000,\000\040\000o\000r\000\040\000K\000i\000r\000c\000h\000h\000o\000f\000f\000'\000s\000\040\000l\000o\000o\000p\000\040\000r\000u\000l\000e}{subsection.1.1}% 45
\BOOKMARK [3][-]{subsubsection.1.1.44}{\376\377\000x\000l\000i\000v\000\040\000P\000l\000a\000n\000a\000r\000\040\000n\000e\000t\000w\000o\000r\000k}{subsection.1.1}% 46
\BOOKMARK [3][-]{subsubsection.1.1.45}{\376\377\000x\000l\000v\000\040\000S\000e\000r\000i\000e\000s\000\040\000c\000o\000n\000n\000e\000c\000t\000i\000o\000n}{subsection.1.1}% 47
\BOOKMARK [3][-]{subsubsection.1.1.46}{\376\377\000x\000l\000v\000i\000\040\000P\000a\000r\000a\000l\000l\000e\000l\000\040\000c\000o\000n\000n\000e\000c\000t\000i\000o\000n}{subsection.1.1}% 48
\BOOKMARK [3][-]{subsubsection.1.1.47}{\376\377\000x\000l\000v\000i\000i\000\040\000B\000i\000l\000a\000t\000e\000r\000a\000l\000\040\000n\000e\000t\000w\000o\000r\000k}{subsection.1.1}% 49
\BOOKMARK [3][-]{subsubsection.1.1.48}{\376\377\000x\000l\000v\000i\000i\000i\000\040\000G\000r\000o\000u\000n\000d}{subsection.1.1}% 50
\BOOKMARK [3][-]{subsubsection.1.1.49}{\376\377\000x\000l\000i\000x\000\040\000O\000p\000e\000r\000a\000t\000i\000n\000g\000\040\000p\000o\000i\000n\000t\000,\000\040\000Q\000-\000p\000o\000i\000n\000t\000,\000\040\000q\000u\000i\000e\000s\000c\000e\000n\000t\000\040\000p\000o\000i\000n\000t\000,\000\040\000o\000r\000\040\000b\000i\000a\000s\000\040\000p\000o\000i\000n\000t}{subsection.1.1}% 51
\BOOKMARK [3][-]{subsubsection.1.1.50}{\376\377\000l\000\040\000B\000i\000a\000s\000i\000n\000g\000\040\000r\000e\000s\000i\000s\000t\000o\000r}{subsection.1.1}% 52
\BOOKMARK [3][-]{subsubsection.1.1.51}{\376\377\000l\000i\000\040\000L\000a\000d\000d\000e\000r\000\040\000n\000e\000t\000w\000o\000r\000k}{subsection.1.1}% 53
\BOOKMARK [3][-]{subsubsection.1.1.52}{\376\377\000l\000i\000i\000\040\000T\000i\000m\000e\000-\000i\000n\000v\000a\000r\000i\000a\000n\000t\000\040\000c\000i\000r\000c\000u\000i\000t}{subsection.1.1}% 54
\BOOKMARK [3][-]{subsubsection.1.1.53}{\376\377\000l\000i\000i\000i\000\040\000I\000n\000p\000u\000t\000\040\000o\000r\000\040\000e\000x\000c\000i\000t\000a\000t\000i\000o\000n}{subsection.1.1}% 55
\BOOKMARK [3][-]{subsubsection.1.1.54}{\376\377\000l\000i\000v\000\040\000R\000e\000s\000p\000o\000n\000s\000e}{subsection.1.1}% 56
\BOOKMARK [3][-]{subsubsection.1.1.55}{\376\377\000l\000v\000\040\000P\000o\000w\000e\000r\000\040\000t\000r\000a\000n\000s\000f\000e\000r\000\040\000e\000f\000f\000i\000c\000i\000e\000n\000c\000y}{subsection.1.1}% 57
\BOOKMARK [3][-]{subsubsection.1.1.56}{\376\377\000l\000v\000i\000\040\000Q\000u\000a\000l\000i\000t\000y\000\040\000f\000a\000c\000t\000o\000r\000\040\000\050\124\301\214\352\126\340\145\170\000\051}{subsection.1.1}% 58
\BOOKMARK [3][-]{subsubsection.1.1.57}{\376\377\000l\000v\000i\000i\000\040\000S\000P\000I\000C\000E}{subsection.1.1}% 59
\BOOKMARK [2][-]{subsection.1.2}{\376\377\000I\000I\000\040\000S\000o\000u\000r\000c\000e}{section.1}% 60
\BOOKMARK [3][-]{subsubsection.1.2.1}{\376\377\000i\000\040\000I\000d\000e\000a\000l\000\040\000s\000o\000u\000r\000c\000e}{subsection.1.2}% 61
\BOOKMARK [3][-]{subsubsection.1.2.2}{\376\377\000i\000i\000\040\000I\000n\000d\000e\000p\000e\000n\000d\000e\000n\000t\000\040\000s\000o\000u\000r\000c\000e}{subsection.1.2}% 62
\BOOKMARK [3][-]{subsubsection.1.2.3}{\376\377\000i\000i\000i\000\040\000L\000i\000n\000e\000a\000r\000\040\000d\000e\000p\000e\000n\000d\000e\000n\000t\000\040\000o\000r\000\040\000c\000o\000n\000t\000r\000o\000l\000l\000e\000d\000\040\000s\000o\000u\000r\000c\000e}{subsection.1.2}% 63
\BOOKMARK [3][-]{subsubsection.1.2.4}{\376\377\000i\000v\000\040\000L\000o\000a\000d\000\040\000n\000e\000t\000w\000o\000r\000k\000\040\000\050\214\240\217\011\175\262\215\357\000\051}{subsection.1.2}% 64
\BOOKMARK [3][-]{subsubsection.1.2.5}{\376\377\000v\000\040\000E\000q\000u\000i\000v\000a\000l\000e\000n\000t\000\040\000r\000e\000s\000i\000s\000t\000a\000n\000c\000e\000\040\000a\000n\000d\000\040\000i\000m\000p\000e\000d\000a\000n\000c\000e\000\040\000t\000h\000e\000o\000r\000e\000m}{subsection.1.2}% 65
\BOOKMARK [3][-]{subsubsection.1.2.6}{\376\377\000v\000i\000\040\000R\000e\000a\000l\000\040\000s\000o\000u\000r\000c\000e}{subsection.1.2}% 66
\BOOKMARK [2][-]{subsection.1.3}{\376\377\000I\000I\000I\000\040\000L\000i\000n\000e\000a\000r\000\040\000c\000i\000r\000c\000u\000i\000t}{section.1}% 67
\BOOKMARK [3][-]{subsubsection.1.3.1}{\376\377\000i\000\040\000L\000i\000n\000e\000a\000r\000\040\000e\000l\000e\000m\000e\000n\000t}{subsection.1.3}% 68
\BOOKMARK [3][-]{subsubsection.1.3.2}{\376\377\000i\000i\000\040\000L\000i\000n\000e\000a\000r\000\040\000n\000e\000t\000w\000o\000r\000k}{subsection.1.3}% 69
\BOOKMARK [3][-]{subsubsection.1.3.3}{\376\377\000i\000i\000i\000\040\000L\000i\000n\000e\000a\000r\000\040\000c\000i\000r\000c\000u\000i\000t}{subsection.1.3}% 70
\BOOKMARK [3][-]{subsubsection.1.3.4}{\376\377\000i\000v\000\040\000R\000e\000s\000p\000o\000n\000s\000e\000\040\000o\000f\000\040\000l\000i\000n\000e\000a\000r\000\040\000t\000i\000m\000e\000-\000i\000n\000v\000a\000r\000i\000a\000n\000t\000\040\000c\000i\000r\000c\000u\000i\000t}{subsection.1.3}% 71
\BOOKMARK [3][-]{subsubsection.1.3.5}{\376\377\000v\000\040\000T\000i\000m\000e\000\040\000c\000o\000n\000s\000t\000a\000n\000t\000,\000\040\000r\000i\000s\000i\000n\000g\000\040\000t\000i\000m\000e\000,\000\040\000a\000n\000d\000\040\000f\000a\000l\000l\000i\000n\000g\000\040\000t\000i\000m\000e}{subsection.1.3}% 72
\BOOKMARK [3][-]{subsubsection.1.3.6}{\376\377\000v\000i\000\040\000S\000e\000r\000i\000e\000s\000\040\000c\000o\000n\000n\000e\000c\000t\000i\000o\000n}{subsection.1.3}% 73
\BOOKMARK [3][-]{subsubsection.1.3.7}{\376\377\000v\000i\000i\000\040\000P\000a\000r\000a\000l\000l\000e\000l\000\040\000c\000o\000n\000n\000e\000c\000t\000i\000o\000n}{subsection.1.3}% 74
\BOOKMARK [3][-]{subsubsection.1.3.8}{\376\377\000v\000i\000i\000i\000\040\000L\000i\000n\000e\000a\000r\000\040\000c\000i\000r\000c\000u\000i\000t\000\040\000a\000s\000\040\000g\000r\000a\000p\000h}{subsection.1.3}% 75
\BOOKMARK [3][-]{subsubsection.1.3.9}{\376\377\000i\000x\000\040\000D\000u\000a\000l\000i\000t\000y}{subsection.1.3}% 76
\BOOKMARK [2][-]{subsection.1.4}{\376\377\000I\000V\000\040\000T\000h\000\351\000v\000e\000n\000i\000n\000'\000s\000\040\000t\000h\000e\000o\000r\000e\000m\000\040\000a\000n\000d\000\040\000N\000o\000r\000t\000o\000n\000'\000s\000\040\000t\000h\000e\000o\000r\000e\000m}{section.1}% 77
\BOOKMARK [3][-]{subsubsection.1.4.1}{\376\377\000i\000\040\000T\000h\000\351\000v\000e\000n\000i\000n\000'\000s\000\040\000t\000h\000e\000o\000r\000e\000m}{subsection.1.4}% 78
\BOOKMARK [3][-]{subsubsection.1.4.2}{\376\377\000i\000i\000\040\000N\000o\000r\000t\000o\000n\000'\000s\000\040\000t\000h\000e\000o\000r\000e\000m}{subsection.1.4}% 79
\BOOKMARK [3][-]{subsubsection.1.4.3}{\376\377\000i\000i\000i\000\040\000F\000i\000n\000d\000i\000n\000g\000\040\000T\000h\000\351\000v\000e\000n\000i\000n\000\040\000v\000o\000l\000t\000a\000g\000e}{subsection.1.4}% 80
\BOOKMARK [3][-]{subsubsection.1.4.4}{\376\377\000i\000v\000\040\000F\000i\000n\000d\000i\000n\000g\000\040\000N\000o\000r\000t\000o\000n\000\040\000c\000u\000r\000r\000e\000n\000t}{subsection.1.4}% 81
\BOOKMARK [3][-]{subsubsection.1.4.5}{\376\377\000v\000\040\000F\000i\000n\000d\000i\000n\000g\000\040\000T\000h\000\351\000v\000e\000n\000i\000n\000\040\000i\000m\000p\000e\000d\000a\000n\000c\000e\000\040\000o\000r\000\040\000N\000o\000r\000t\000o\000n\000\040\000i\000m\000p\000e\000d\000a\000n\000c\000e}{subsection.1.4}% 82
\BOOKMARK [3][-]{subsubsection.1.4.6}{\376\377\000v\000i\000\040\000T\000h\000\351\000v\000e\000n\000i\000n\000\040\000p\000a\000r\000a\000m\000e\000t\000e\000r\000s}{subsection.1.4}% 83
\BOOKMARK [3][-]{subsubsection.1.4.7}{\376\377\000v\000i\000i\000\040\000M\000a\000x\000i\000m\000u\000m\000\040\000p\000o\000w\000e\000r\000\040\000t\000h\000e\000o\000r\000e\000m\000\040\000u\000n\000d\000e\000r\000\040\000D\000C}{subsection.1.4}% 84
\BOOKMARK [2][-]{subsection.1.5}{\376\377\000V\000\040\000N\000o\000d\000a\000l\000/\000n\000o\000d\000e\000\040\000a\000n\000a\000l\000y\000s\000i\000s\000\040\000o\000r\000\040\000n\000o\000d\000e\000-\000v\000o\000l\000t\000a\000g\000e\000\040\000a\000n\000a\000l\000y\000s\000i\000s\000\040\000o\000f\000\040\000l\000i\000n\000e\000a\000r\000\040\000c\000i\000r\000c\000u\000i\000t\000s}{section.1}% 85
\BOOKMARK [3][-]{subsubsection.1.5.1}{\376\377\000i\000\040\000K\000C\000L\000\040\000f\000o\000r\000m}{subsection.1.5}% 86
\BOOKMARK [3][-]{subsubsection.1.5.2}{\376\377\000i\000i\000\040\000\050\000N\000o\000d\000a\000l\000\051\000\040\000a\000d\000m\000i\000t\000t\000a\000n\000c\000e\000\040\000a\000n\000d\000\040\000c\000o\000n\000d\000u\000c\000t\000a\000n\000c\000e\000\040\000m\000a\000t\000r\000i\000x}{subsection.1.5}% 87
\BOOKMARK [3][-]{subsubsection.1.5.3}{\376\377\000i\000i\000i\000\040\000M\000a\000t\000r\000i\000x\000\040\000f\000o\000r\000m\000\040\000i\000n\000c\000l\000u\000d\000i\000n\000g\000\040\000m\000o\000d\000i\000f\000i\000e\000d\000\040\000n\000o\000d\000a\000l\000\040\000a\000n\000a\000l\000y\000s\000i\000s\000\040\000\050\000M\000N\000A\000\051}{subsection.1.5}% 88
