\BOOKMARK [0][-]{chapter.1}{\376\377\173\054\000s\000t\000y\000l\000e\000=\000T\000r\000a\000d\000i\000t\000i\000o\000n\000a\000l\000,\000N\000o\000r\000m\000a\000l\0001\172\340\000\040\131\047\154\043\171\321\133\170\377\010\000A\000t\000m\000o\000s\000p\000h\000e\000r\000i\000c\000\040\000S\000c\000i\000e\000n\000c\000e\377\011\202\007\155\167\154\043\116\244\116\222\117\134\165\050\377\010\000A\000i\000r\000-\000S\000e\000a\000\040\000I\000n\000t\000e\000r\000a\000c\000t\000i\000o\000n\000\040\377\011}{}% 1
\BOOKMARK [1][-]{section.1.1}{\376\377\173\054\000s\000t\000y\000l\000e\000=\000T\000r\000a\000d\000i\000t\000i\000o\000n\000a\000l\000,\000N\000o\000r\000m\000a\000l\0001\173\300\000\040\134\015\155\101\134\144\131\047\154\043\377\010\000T\000r\000o\000p\000o\000s\000p\000h\000e\000r\000i\000c\000\040\000a\000t\000m\000o\000s\000p\000h\000e\000r\000e\377\011\000/\172\172\154\043\377\010\000A\000i\000r\377\011\166\204\142\020\122\006}{chapter.1}% 2
\BOOKMARK [1][-]{section.1.2}{\376\377\173\054\000s\000t\000y\000l\000e\000=\000T\000r\000a\000d\000i\000t\000i\000o\000n\000a\000l\000,\000N\000o\000r\000m\000a\000l\0002\173\300\000\040\154\043\130\323\127\202\166\364\213\212\123\026}{chapter.1}% 3
\BOOKMARK [2][-]{subsection.1.2.1}{\376\377\000s\000t\000y\000l\000e\000=\000T\000r\000a\000d\000i\000t\000i\000o\000n\000a\000l\000,\000N\000o\000r\000m\000a\000l\0001\060\001\000\040\131\047\154\043\130\323\122\233\000/\154\043\130\323}{section.1.2}% 4
\BOOKMARK [2][-]{subsection.1.2.2}{\376\377\000s\000t\000y\000l\000e\000=\000T\000r\000a\000d\000i\000t\000i\000o\000n\000a\000l\000,\000N\000o\000r\000m\000a\000l\0002\060\001\000\040\130\323\122\233\166\204\125\256\117\115}{section.1.2}% 5
\BOOKMARK [2][-]{subsection.1.2.3}{\376\377\000s\000t\000y\000l\000e\000=\000T\000r\000a\000d\000i\000t\000i\000o\000n\000a\000l\000,\000N\000o\000r\000m\000a\000l\0003\060\001\000\040\154\043\130\323\121\154\137\017\377\010\000B\000a\000r\000o\000m\000e\000t\000r\000i\000c\000\040\000f\000o\000r\000m\000u\000l\000a\377\011}{section.1.2}% 6
\BOOKMARK [2][-]{subsection.1.2.4}{\376\377\000s\000t\000y\000l\000e\000=\000T\000r\000a\000d\000i\000t\000i\000o\000n\000a\000l\000,\000N\000o\000r\000m\000a\000l\0004\060\001\000\040\154\043\130\323\232\330\136\246}{section.1.2}% 7
\BOOKMARK [1][-]{section.1.3}{\376\377\173\054\000s\000t\000y\000l\000e\000=\000T\000r\000a\000d\000i\000t\000i\000o\000n\000a\000l\000,\000N\000o\000r\000m\000a\000l\0003\173\300\000\040\154\043\156\253\127\202\166\364\213\212\123\026\202\007\131\047\154\043\122\006\134\144}{chapter.1}% 8
\BOOKMARK [2][-]{subsection.1.3.1}{\376\377\000s\000t\000y\000l\000e\000=\000T\000r\000a\000d\000i\000t\000i\000o\000n\000a\000l\000,\000N\000o\000r\000m\000a\000l\0001\060\001\000\040\134\015\155\101\134\144\377\010\000T\000r\000o\000p\000o\000s\000p\000h\000e\000r\000e\377\011}{section.1.3}% 9
\BOOKMARK [2][-]{subsection.1.3.2}{\376\377\000s\000t\000y\000l\000e\000=\000T\000r\000a\000d\000i\000t\000i\000o\000n\000a\000l\000,\000N\000o\000r\000m\000a\000l\0002\060\001\000\040\136\163\155\101\134\144\377\010\000S\000t\000r\000a\000t\000o\000s\000p\000h\000e\000r\000e\377\011}{section.1.3}% 10
\BOOKMARK [2][-]{subsection.1.3.3}{\376\377\000s\000t\000y\000l\000e\000=\000T\000r\000a\000d\000i\000t\000i\000o\000n\000a\000l\000,\000N\000o\000r\000m\000a\000l\0003\060\001\000\040\116\055\140\047\134\144}{section.1.3}% 11
\BOOKMARK [2][-]{subsection.1.3.4}{\376\377\000s\000t\000y\000l\000e\000=\000T\000r\000a\000d\000i\000t\000i\000o\000n\000a\000l\000,\000N\000o\000r\000m\000a\000l\0004\060\001\000\040\116\055\154\043\134\144\377\010\000M\000e\000s\000o\000s\000p\000h\000e\000r\000e\377\011}{section.1.3}% 12
\BOOKMARK [2][-]{subsection.1.3.5}{\376\377\000s\000t\000y\000l\000e\000=\000T\000r\000a\000d\000i\000t\000i\000o\000n\000a\000l\000,\000N\000o\000r\000m\000a\000l\0005\060\001\000\040\127\107\122\373\134\144}{section.1.3}% 13
\BOOKMARK [2][-]{subsection.1.3.6}{\376\377\000s\000t\000y\000l\000e\000=\000T\000r\000a\000d\000i\000t\000i\000o\000n\000a\000l\000,\000N\000o\000r\000m\000a\000l\0006\060\001\000\040\130\236\156\253\134\144\377\010\000T\000h\000e\000r\000m\000o\000s\000p\000h\000e\000r\000e\377\011}{section.1.3}% 14
\BOOKMARK [2][-]{subsection.1.3.7}{\376\377\000s\000t\000y\000l\000e\000=\000T\000r\000a\000d\000i\000t\000i\000o\000n\000a\000l\000,\000N\000o\000r\000m\000a\000l\0007\060\001\000\040\123\141\225\200\175\332\377\010\000K\000\341\000r\000m\000\341\000n\000\040\000l\000i\000n\000e\377\011}{section.1.3}% 15
\BOOKMARK [2][-]{subsection.1.3.8}{\376\377\000s\000t\000y\000l\000e\000=\000T\000r\000a\000d\000i\000t\000i\000o\000n\000a\000l\000,\000N\000o\000r\000m\000a\000l\0008\060\001\000\040\226\373\226\342\134\144\377\010\000I\000o\000n\000o\000s\000p\000h\000e\000r\000e\377\011}{section.1.3}% 16
\BOOKMARK [2][-]{subsection.1.3.9}{\376\377\000s\000t\000y\000l\000e\000=\000T\000r\000a\000d\000i\000t\000i\000o\000n\000a\000l\000,\000N\000o\000r\000m\000a\000l\0009\060\001\000\040\131\026\154\043\134\144\377\010\000E\000x\000o\000s\000p\000h\000e\000r\000e\377\011\000/\145\143\220\070\134\144}{section.1.3}% 17
\BOOKMARK [2][-]{subsection.1.3.10}{\376\377\000s\000t\000y\000l\000e\000=\000T\000r\000a\000d\000i\000t\000i\000o\000n\000a\000l\000,\000N\000o\000r\000m\000a\000l\0001\0000\060\001\000\040\116\015\127\107\122\373\134\144}{section.1.3}% 18
\BOOKMARK [2][-]{subsection.1.3.11}{\376\377\000s\000t\000y\000l\000e\000=\000T\000r\000a\000d\000i\000t\000i\000o\000n\000a\000l\000,\000N\000o\000r\000m\000a\000l\0001\0001\060\001\000\040\154\043\156\253\127\202\166\364\220\136\156\033\163\207\377\010\000L\000a\000p\000s\000e\000\040\000r\000a\000t\000e\000\040\000o\000f\000\040\000t\000e\000m\000p\000e\000r\000a\000t\000u\000r\000e\377\011}{section.1.3}% 19
\BOOKMARK [1][-]{section.1.4}{\376\377\173\054\000s\000t\000y\000l\000e\000=\000T\000r\000a\000d\000i\000t\000i\000o\000n\000a\000l\000,\000N\000o\000r\000m\000a\000l\0004\173\300\000\040\131\047\154\043\202\007\127\060\210\150\200\375\221\317\145\066\145\057}{chapter.1}% 20
\BOOKMARK [1][-]{section.1.5}{\376\377\173\054\000s\000t\000y\000l\000e\000=\000T\000r\000a\000d\000i\000t\000i\000o\000n\000a\000l\000,\000N\000o\000r\000m\000a\000l\0005\173\300\000\040\131\047\154\043\166\204\154\064\154\043\213\212\123\026}{chapter.1}% 21
\BOOKMARK [2][-]{subsection.1.5.1}{\376\377\000s\000t\000y\000l\000e\000=\000T\000r\000a\000d\000i\000t\000i\000o\000n\000a\000l\000,\000N\000o\000r\000m\000a\000l\0001\060\001\000\040\175\125\134\015\156\274\136\246}{section.1.5}% 22
\BOOKMARK [2][-]{subsection.1.5.2}{\376\377\000s\000t\000y\000l\000e\000=\000T\000r\000a\000d\000i\000t\000i\000o\000n\000a\000l\000,\000N\000o\000r\000m\000a\000l\0002\060\001\000\040\166\370\134\015\156\274\136\246}{section.1.5}% 23
\BOOKMARK [2][-]{subsection.1.5.3}{\376\377\000s\000t\000y\000l\000e\000=\000T\000r\000a\000d\000i\000t\000i\000o\000n\000a\000l\000,\000N\000o\000r\000m\000a\000l\0003\060\001\000\040\227\062\236\336\377\010\156\253\136\246\377\011\377\010\000D\000e\000w\000\040\000p\000o\000i\000n\000t\377\011}{section.1.5}% 24
\BOOKMARK [2][-]{subsection.1.5.4}{\376\377\000s\000t\000y\000l\000e\000=\000T\000r\000a\000d\000i\000t\000i\000o\000n\000a\000l\000,\000N\000o\000r\000m\000a\000l\0004\060\001\000\040\131\047\154\043\172\151\133\232\136\246}{section.1.5}% 25
\BOOKMARK [2][-]{subsection.1.5.5}{\376\377\000s\000t\000y\000l\000e\000=\000T\000r\000a\000d\000i\000t\000i\000o\000n\000a\000l\000,\000N\000o\000r\000m\000a\000l\0005\060\001\000\040\142\020\226\362\201\364\226\350}{section.1.5}% 26
\BOOKMARK [3][-]{subsubsection.1.5.5.1}{\376\377\000\050\000s\000t\000y\000l\000e\000=\000T\000r\000a\000d\000i\000t\000i\000o\000n\000a\000l\000,\000N\000o\000r\000m\000a\000l\0001\000\051\000\040\121\335\175\120\150\070}{subsection.1.5.5}% 27
\BOOKMARK [3][-]{subsubsection.1.5.5.2}{\376\377\000\050\000s\000t\000y\000l\000e\000=\000T\000r\000a\000d\000i\000t\000i\000o\000n\000a\000l\000,\000N\000o\000r\000m\000a\000l\0002\000\051\000\040\121\260\150\070}{subsection.1.5.5}% 28
\BOOKMARK [3][-]{subsubsection.1.5.5.3}{\376\377\000\050\000s\000t\000y\000l\000e\000=\000T\000r\000a\000d\000i\000t\000i\000o\000n\000a\000l\000,\000N\000o\000r\000m\000a\000l\0003\000\051\000\040\172\172\154\043\142\254\123\107\202\007\226\115\226\350\145\271\137\017}{subsection.1.5.5}% 29
\BOOKMARK [3][-]{subsubsection.1.5.5.4}{\376\377\000\050\000s\000t\000y\000l\000e\000=\000T\000r\000a\000d\000i\000t\000i\000o\000n\000a\000l\000,\000N\000o\000r\000m\000a\000l\0004\000\051\000\040\116\272\135\345\226\115\226\350\377\010\000C\000l\000o\000u\000d\000\040\000s\000e\000e\000d\000i\000n\000g\377\011}{subsection.1.5.5}% 30
\BOOKMARK [3][-]{subsubsection.1.5.5.5}{\376\377\000\050\000s\000t\000y\000l\000e\000=\000T\000r\000a\000d\000i\000t\000i\000o\000n\000a\000l\000,\000N\000o\000r\000m\000a\000l\0005\000\051\000\040\227\047}{subsection.1.5.5}% 31
\BOOKMARK [1][-]{section.1.6}{\376\377\173\054\000s\000t\000y\000l\000e\000=\000T\000r\000a\000d\000i\000t\000i\000o\000n\000a\000l\000,\000N\000o\000r\000m\000a\000l\0006\173\300\000\040\131\047\154\043\166\204\154\064\136\163\220\113\122\325}{chapter.1}% 32
\BOOKMARK [2][-]{subsection.1.6.1}{\376\377\000s\000t\000y\000l\000e\000=\000T\000r\000a\000d\000i\000t\000i\000o\000n\000a\000l\000,\000N\000o\000r\000m\000a\000l\0001\060\001\000\040\127\060\164\003\116\012\166\204\171\321\221\314\131\145\122\051\122\233\000/\171\321\154\017\122\233\377\010\000C\000o\000r\000i\000o\000l\000i\000s\000\040\000f\000o\000r\000c\000e\377\011}{section.1.6}% 33
\BOOKMARK [2][-]{subsection.1.6.2}{\376\377\000s\000t\000y\000l\000e\000=\000T\000r\000a\000d\000i\000t\000i\000o\000n\000a\000l\000,\000N\000o\000r\000m\000a\000l\0002\060\001\000\040\154\043\130\323\150\257\136\246\122\233\377\010\000P\000r\000e\000s\000s\000u\000r\000e\000\040\000G\000r\000a\000d\000i\000e\000n\000t\000\040\000F\000o\000r\000c\000e\000,\000\040\000P\000G\000F\377\011}{section.1.6}% 34
\BOOKMARK [2][-]{subsection.1.6.3}{\376\377\000s\000t\000y\000l\000e\000=\000T\000r\000a\000d\000i\000t\000i\000o\000n\000a\000l\000,\000N\000o\000r\000m\000a\000l\0003\060\001\000\040\172\172\154\043\166\204\220\113\122\325}{section.1.6}% 35
\BOOKMARK [2][-]{subsection.1.6.4}{\376\377\000s\000t\000y\000l\000e\000=\000T\000r\000a\000d\000i\000t\000i\000o\000n\000a\000l\000,\000N\000o\000r\000m\000a\000l\0004\060\001\000\040\204\262\171\217\230\250\175\032\377\010\000B\000e\000a\000u\000f\000o\000r\000t\000\040\000s\000c\000a\000l\000e\377\011}{section.1.6}% 36
\BOOKMARK [2][-]{subsection.1.6.5}{\376\377\000s\000t\000y\000l\000e\000=\000T\000r\000a\000d\000i\000t\000i\000o\000n\000a\000l\000,\000N\000o\000r\000m\000a\000l\0005\060\001\000\040\230\250\122\007\377\010\000W\000i\000n\000d\000\040\000s\000h\000e\000a\000r\377\011}{section.1.6}% 37
\BOOKMARK [2][-]{subsection.1.6.6}{\376\377\000s\000t\000y\000l\000e\000=\000T\000r\000a\000d\000i\000t\000i\000o\000n\000a\000l\000,\000N\000o\000r\000m\000a\000l\0006\060\001\000\040\127\060\217\111\230\250\377\010\000G\000e\000o\000s\000t\000r\000o\000p\000h\000i\000c\000\040\000w\000i\000n\000d\377\011}{section.1.6}% 38
\BOOKMARK [2][-]{subsection.1.6.7}{\376\377\000s\000t\000y\000l\000e\000=\000T\000r\000a\000d\000i\000t\000i\000o\000n\000a\000l\000,\000N\000o\000r\000m\000a\000l\0007\060\001\000\040\127\060\217\111\230\250\217\321\127\060\227\142\230\250}{section.1.6}% 39
\BOOKMARK [2][-]{subsection.1.6.8}{\376\377\000s\000t\000y\000l\000e\000=\000T\000r\000a\000d\000i\000t\000i\000o\000n\000a\000l\000,\000N\000o\000r\000m\000a\000l\0008\060\001\000\040\232\330\154\043\130\323\202\007\117\116\154\043\130\323}{section.1.6}% 40
\BOOKMARK [1][-]{section.1.7}{\376\377\173\054\000s\000t\000y\000l\000e\000=\000T\000r\000a\000d\000i\000t\000i\000o\000n\000a\000l\000,\000N\000o\000r\000m\000a\000l\0007\173\300\000\040\131\047\154\043\174\373\175\161\377\010\000A\000t\000m\000o\000s\000p\000h\000e\000r\000i\000c\000\040\000s\000y\000s\000t\000e\000m\377\011}{chapter.1}% 41
\BOOKMARK [2][-]{subsection.1.7.1}{\376\377\000s\000t\000y\000l\000e\000=\000T\000r\000a\000d\000i\000t\000i\000o\000n\000a\000l\000,\000N\000o\000r\000m\000a\000l\0001\060\001\000\040\131\047\154\043\174\373\175\161\166\204\134\072\136\246}{section.1.7}% 42
\BOOKMARK [2][-]{subsection.1.7.2}{\376\377\000s\000t\000y\000l\000e\000=\000T\000r\000a\000d\000i\000t\000i\000o\000n\000a\000l\000,\000N\000o\000r\000m\000a\000l\0002\060\001\000\040\131\047\154\043\164\260\155\101\377\010\000A\000t\000m\000o\000s\000p\000h\000e\000r\000i\000c\000\040\000c\000i\000r\000c\000u\000l\000a\000t\000i\000o\000n\377\011\166\204\123\237\126\340}{section.1.7}% 43
\BOOKMARK [2][-]{subsection.1.7.3}{\376\377\000s\000t\000y\000l\000e\000=\000T\000r\000a\000d\000i\000t\000i\000o\000n\000a\000l\000,\000N\000o\000r\000m\000a\000l\0003\060\001\000\040\155\167\154\043\116\244\116\222\117\134\165\050\377\010\000A\000i\000r\000-\000s\000e\000a\000\040\000i\000n\000t\000e\000r\000a\000c\000t\000i\000o\000n\000\040\377\011}{section.1.7}% 44
\BOOKMARK [2][-]{subsection.1.7.4}{\376\377\000s\000t\000y\000l\000e\000=\000T\000r\000a\000d\000i\000t\000i\000o\000n\000a\000l\000,\000N\000o\000r\000m\000a\000l\0004\060\001\000\040\222\322\377\010\000F\000r\000o\000n\000t\377\011\000/\222\322\123\100\000/\222\322\227\142}{section.1.7}% 45
